Archive member included to satisfy reference by file (symbol)

c:/sjsu_dev/toolchain/bin/../lib/gcc/arm-none-eabi/5.4.1/../../../../arm-none-eabi/lib/armv7-m\libstdc++_nano.a(si_class_type_info.o)
                              ./L5_Application/source/remote.o (vtable for __cxxabiv1::__si_class_type_info)
c:/sjsu_dev/toolchain/bin/../lib/gcc/arm-none-eabi/5.4.1/../../../../arm-none-eabi/lib/armv7-m\libstdc++_nano.a(vmi_class_type_info.o)
                              ./L2_Drivers/src/nrf_stream.o (vtable for __cxxabiv1::__vmi_class_type_info)
c:/sjsu_dev/toolchain/bin/../lib/gcc/arm-none-eabi/5.4.1/../../../../arm-none-eabi/lib/armv7-m\libstdc++_nano.a(tinfo.o)
                              c:/sjsu_dev/toolchain/bin/../lib/gcc/arm-none-eabi/5.4.1/../../../../arm-none-eabi/lib/armv7-m\libstdc++_nano.a(si_class_type_info.o) (std::type_info::__is_function_p() const)
c:/sjsu_dev/toolchain/bin/../lib/gcc/arm-none-eabi/5.4.1/../../../../arm-none-eabi/lib/armv7-m\libstdc++_nano.a(class_type_info.o)
                              c:/sjsu_dev/toolchain/bin/../lib/gcc/arm-none-eabi/5.4.1/../../../../arm-none-eabi/lib/armv7-m\libstdc++_nano.a(si_class_type_info.o) (__cxxabiv1::__class_type_info::__do_upcast(__cxxabiv1::__class_type_info const*, void**) const)
c:/sjsu_dev/toolchain/bin/../lib/gcc/arm-none-eabi/5.4.1/../../../../arm-none-eabi/lib/armv7-m\libstdc++_nano.a(guard.o)
                              ./L5_Application/source/cmd_handlers/handlers.o (__cxa_guard_acquire)
c:/sjsu_dev/toolchain/bin/../lib/gcc/arm-none-eabi/5.4.1/../../../../arm-none-eabi/lib/armv7-m\libstdc++_nano.a(pure.o)
                              ./L3_Utils/src/scheduler_task.o (__cxa_pure_virtual)
c:/sjsu_dev/toolchain/bin/../lib/gcc/arm-none-eabi/5.4.1/../../../../arm-none-eabi/lib/armv7-m\libstdc++_nano.a(eh_terminate.o)
                              c:/sjsu_dev/toolchain/bin/../lib/gcc/arm-none-eabi/5.4.1/../../../../arm-none-eabi/lib/armv7-m\libstdc++_nano.a(pure.o) (std::terminate())
c:/sjsu_dev/toolchain/bin/../lib/gcc/arm-none-eabi/5.4.1/../../../../arm-none-eabi/lib/armv7-m\libstdc++_nano.a(eh_term_handler.o)
                              c:/sjsu_dev/toolchain/bin/../lib/gcc/arm-none-eabi/5.4.1/../../../../arm-none-eabi/lib/armv7-m\libstdc++_nano.a(eh_terminate.o) (__cxxabiv1::__terminate_handler)
c:/sjsu_dev/toolchain/bin/../lib/gcc/arm-none-eabi/5.4.1/../../../../arm-none-eabi/lib/armv7-m\libstdc++_nano.a(eh_unex_handler.o)
                              c:/sjsu_dev/toolchain/bin/../lib/gcc/arm-none-eabi/5.4.1/../../../../arm-none-eabi/lib/armv7-m\libstdc++_nano.a(eh_terminate.o) (__cxxabiv1::__unexpected_handler)
c:/sjsu_dev/toolchain/bin/../lib/gcc/arm-none-eabi/5.4.1/armv7-m\libgcc.a(_ashldi3.o)
                              ./L0_LowLevel/source/lpc_peripherals.o (__aeabi_llsl)
c:/sjsu_dev/toolchain/bin/../lib/gcc/arm-none-eabi/5.4.1/armv7-m\libgcc.a(_arm_addsubdf3.o)
                              ./L2_Drivers/base/uart_dev.o (__aeabi_dadd)
c:/sjsu_dev/toolchain/bin/../lib/gcc/arm-none-eabi/5.4.1/armv7-m\libgcc.a(_arm_cmpdf2.o)
                              ./L5_Application/main.o (__aeabi_dcmple)
c:/sjsu_dev/toolchain/bin/../lib/gcc/arm-none-eabi/5.4.1/armv7-m\libgcc.a(_arm_fixunsdfsi.o)
                              ./L2_Drivers/base/uart_dev.o (__aeabi_d2uiz)
c:/sjsu_dev/toolchain/bin/../lib/gcc/arm-none-eabi/5.4.1/armv7-m\libgcc.a(_arm_truncdfsf2.o)
                              ./L3_Utils/src/str.o (__aeabi_d2f)
c:/sjsu_dev/toolchain/bin/../lib/gcc/arm-none-eabi/5.4.1/armv7-m\libgcc.a(_arm_addsubsf3.o)
                              ./L5_Application/source/cmd_handlers/handlers.o (__aeabi_fsub)
c:/sjsu_dev/toolchain/bin/../lib/gcc/arm-none-eabi/5.4.1/armv7-m\libgcc.a(_arm_muldivsf3.o)
                              ./L5_Application/source/cmd_handlers/handlers.o (__aeabi_fmul)
c:/sjsu_dev/toolchain/bin/../lib/gcc/arm-none-eabi/5.4.1/armv7-m\libgcc.a(_arm_cmpsf2.o)
                              ./L5_Application/main.o (__aeabi_fcmplt)
c:/sjsu_dev/toolchain/bin/../lib/gcc/arm-none-eabi/5.4.1/armv7-m\libgcc.a(_arm_fixsfsi.o)
                              ./L5_Application/source/cmd_handlers/handlers.o (__aeabi_f2iz)
c:/sjsu_dev/toolchain/bin/../lib/gcc/arm-none-eabi/5.4.1/armv7-m\libgcc.a(_arm_fixunssfsi.o)
                              ./L5_Application/source/high_level_init.o (__aeabi_f2uiz)
c:/sjsu_dev/toolchain/bin/../lib/gcc/arm-none-eabi/5.4.1/armv7-m\libgcc.a(_aeabi_uldivmod.o)
                              ./L5_Application/source/cmd_handlers/handlers.o (__aeabi_uldivmod)
c:/sjsu_dev/toolchain/bin/../lib/gcc/arm-none-eabi/5.4.1/armv7-m\libgcc.a(_udivmoddi4.o)
                              c:/sjsu_dev/toolchain/bin/../lib/gcc/arm-none-eabi/5.4.1/armv7-m\libgcc.a(_aeabi_uldivmod.o) (__udivmoddi4)
c:/sjsu_dev/toolchain/bin/../lib/gcc/arm-none-eabi/5.4.1/armv7-m\libgcc.a(_dvmd_tls.o)
                              c:/sjsu_dev/toolchain/bin/../lib/gcc/arm-none-eabi/5.4.1/armv7-m\libgcc.a(_aeabi_uldivmod.o) (__aeabi_ldiv0)
[...]
Memory Configuration

Name             Origin             Length             Attributes
FLASH            0x00010000         0x00070000         xr
SRAM             0x10000000         0x00008000         xrw
SRAM_AHB         0x2007c000         0x00008000         xrw
*default*        0x00000000         0xffffffff

Linker script and memory map

LOAD ./newlib/malloc_lock.o
LOAD ./newlib/memory.o
LOAD ./newlib/newlib_syscalls.o
LOAD ./newlib/newlib_time.o
LOAD ./L5_Application/source/cmd_handlers/handlers.o
LOAD ./L5_Application/source/cmd_handlers/prog_handlers.o
LOAD ./L5_Application/source/cmd_handlers/wireless_handlers.o
LOAD ./L5_Application/source/high_level_init.o
LOAD ./L5_Application/source/remote.o
LOAD ./L5_Application/source/terminal.o
LOAD ./L5_Application/periodic_scheduler/period_callbacks.o
LOAD ./L5_Application/periodic_scheduler/prd_monitor.o
LOAD ./L5_Application/examples/examples.o
LOAD ./L5_Application/examples/rn_xv_task.o
LOAD ./L5_Application/main.o
LOAD ./L4_IO/wireless/src/mesh.o
LOAD ./L4_IO/wireless/src/nrf24L01Plus.o
LOAD ./L4_IO/wireless/src/wireless.o
LOAD ./L4_IO/src/gpio.o
LOAD ./L4_IO/src/io_source.o
LOAD ./L4_IO/src/lidar_sensor.o
LOAD ./L4_IO/src/sonar_sensor.o
LOAD ./L4_IO/src/storage.o
LOAD ./L4_IO/fat/option/ccsbcs.o
LOAD ./L4_IO/fat/option/reentrant.o
LOAD ./L4_IO/fat/disk/diskio.o
LOAD ./L4_IO/fat/disk/sd.o
LOAD ./L4_IO/fat/disk/spi_flash.o
LOAD ./L4_IO/fat/fatfs_time.o
LOAD ./L4_IO/fat/ff.o
LOAD ./L3_Utils/tlm/src/c_tlm_binary.o
LOAD ./L3_Utils/tlm/src/c_tlm_comp.o
LOAD ./L3_Utils/tlm/src/c_tlm_stream.o
LOAD ./L3_Utils/tlm/src/c_tlm_var.o
LOAD ./L3_Utils/src/c_list.o
LOAD ./L3_Utils/src/command_handler.o
LOAD ./L3_Utils/src/file_logger.o
LOAD ./L3_Utils/src/freertos_timer.o
LOAD ./L3_Utils/src/printf_lib.o
LOAD ./L3_Utils/src/rtc_alarm.o
LOAD ./L3_Utils/src/scheduler_task.o
LOAD ./L3_Utils/src/str.o
LOAD ./L3_Utils/src/utilities.o
LOAD ./L2_Drivers/src/adc.o
LOAD ./L2_Drivers/src/can.o
LOAD ./L2_Drivers/src/eint.o
LOAD ./L2_Drivers/src/i2c2.o
LOAD ./L2_Drivers/src/lpc_pwm.o
LOAD ./L2_Drivers/src/lpc_rit.o
LOAD ./L2_Drivers/src/lpc_timers.o
LOAD ./L2_Drivers/src/nrf_stream.o
LOAD ./L2_Drivers/src/rtc.o
LOAD ./L2_Drivers/src/spi_dma.o
LOAD ./L2_Drivers/src/spi_sem.o
LOAD ./L2_Drivers/src/uart0.o
LOAD ./L2_Drivers/src/uart2.o
LOAD ./L2_Drivers/src/uart3.o
LOAD ./L2_Drivers/base/char_dev.o
LOAD ./L2_Drivers/base/i2c_base.o
LOAD ./L2_Drivers/base/uart_dev.o
LOAD ./L1_FreeRTOS/trace/run_time_counter.o
LOAD ./L1_FreeRTOS/trace/trcBase.o
LOAD ./L1_FreeRTOS/trace/trcHardwarePort.o
LOAD ./L1_FreeRTOS/trace/trcKernel.o
LOAD ./L1_FreeRTOS/trace/trcKernelPort.o
LOAD ./L1_FreeRTOS/trace/trcUser.o
LOAD ./L1_FreeRTOS/src/croutine.o
LOAD ./L1_FreeRTOS/src/event_groups.o
LOAD ./L1_FreeRTOS/src/list.o
LOAD ./L1_FreeRTOS/src/queue.o
LOAD ./L1_FreeRTOS/src/tasks.o
LOAD ./L1_FreeRTOS/src/timers.o
LOAD ./L1_FreeRTOS/portable/no_mpu/port.o
LOAD ./L1_FreeRTOS/portable/run_time_stats.o
LOAD ./L1_FreeRTOS/hooks/hooks.o
LOAD ./L1_FreeRTOS/MemMang/freertos_mem_man.o
LOAD ./L0_LowLevel/source/core_cm3.o
LOAD ./L0_LowLevel/source/low_level_init.o
LOAD ./L0_LowLevel/source/lpc_peripherals.o
LOAD ./L0_LowLevel/source/lpc_sys.o
LOAD ./L0_LowLevel/source/startup.o
LOAD ./L0_LowLevel/source/sys_clock.o
LOAD ./L0_LowLevel/source/uart0_min.o
LOAD c:/sjsu_dev/toolchain/bin/../lib/gcc/arm-none-eabi/5.4.1/../../../../arm-none-eabi/lib/armv7-m\libstdc++_nano.a
LOAD c:/sjsu_dev/toolchain/bin/../lib/gcc/arm-none-eabi/5.4.1/../../../../arm-none-eabi/lib/armv7-m\libm.a
START GROUP
LOAD c:/sjsu_dev/toolchain/bin/../lib/gcc/arm-none-eabi/5.4.1/armv7-m\libgcc.a
LOAD c:/sjsu_dev/toolchain/bin/../lib/gcc/arm-none-eabi/5.4.1/../../../../arm-none-eabi/lib/armv7-m\libc_nano.a
END GROUP
START GROUP
LOAD c:/sjsu_dev/toolchain/bin/../lib/gcc/arm-none-eabi/5.4.1/armv7-m\libgcc.a
LOAD c:/sjsu_dev/toolchain/bin/../lib/gcc/arm-none-eabi/5.4.1/../../../../arm-none-eabi/lib/armv7-m\libc_nano.a
END GROUP

.text           0x00010000    0x17390
 FILL mask 0xff
 *(.isr_vector)
 .isr_vector    0x00010000       0xcc ./L0_LowLevel/source/startup.o
                0x00010000                g_pfnVectors
                0x000100cc                . = ALIGN (0x4)
                0x000100cc                __section_table_start = .
                0x000100cc                __data_section_table = .
                0x000100cc        0x4 LONG 0x27398 LOADADDR (.data)
                0x000100d0        0x4 LONG 0x2007c000 ADDR (.data)
                0x000100d4        0x4 LONG 0x2f8 SIZEOF (.data)
                0x000100d8                __data_section_table_end = .
                0x000100d8                __bss_section_table = .
                0x000100d8        0x4 LONG 0x2007c2f8 ADDR (.bss)
                0x000100dc        0x4 LONG 0x558 SIZEOF (.bss)
                0x000100e0                __bss_section_table_end = .
                0x000100e0                __section_table_end = .
 *(.after_vectors*)
 .after_vectors
                0x000100e0      0x124 ./L0_LowLevel/source/startup.o
                0x000100e0                isr_hard_fault
                0x000100fa                isr_nmi
                0x00010108                isr_mem_fault
                0x00010118                isr_bus_fault
                0x00010128                isr_usage_fault
                0x00010138                isr_debug_mon
                0x00010148                TIMER3_IRQHandler
                0x00010148                UART1_IRQHandler
                0x00010148                EINT2_IRQHandler
                0x00010148                USBAct_IRQHandler
                0x00010148                PLL0_IRQHandler
                0x00010148                I2C1_IRQHandler
                0x00010148                PLL1_IRQHandler
                0x00010148                SSP0_IRQHandler
                0x00010148                CANAct_IRQHandler
                0x00010148                I2S_IRQHandler
                0x00010148                PWM1_IRQHandler
                0x00010148                SPI_IRQHandler
                0x00010148                TIMER2_IRQHandler
                0x00010148                EINT1_IRQHandler
                0x00010148                isr_default_handler
                0x00010148                SSP1_IRQHandler
                0x00010148                ENET_IRQHandler
                0x00010148                USB_IRQHandler
                0x00010148                BOD_IRQHandler
                0x00010148                MCPWM_IRQHandler
                0x00010148                WDT_IRQHandler
                0x00010148                I2C0_IRQHandler
                0x00010148                QEI_IRQHandler
                0x00010148                EINT0_IRQHandler
                0x00010148                DMA_IRQHandler
                0x00010148                TIMER0_IRQHandler
                0x00010158                isr_sys_tick
                0x0001016a                data_init(unsigned int, unsigned int, unsigned int)
                0x00010180                bss_init(unsigned int, unsigned int)
                0x00010194                isr_reset
 *(.text*)
 .text.__malloc_lock
                0x00010204        0x4 ./newlib/malloc_lock.o
                0x00010204                __malloc_lock
 .text.__malloc_unlock
                0x00010208        0x4 ./newlib/malloc_lock.o
                0x00010208                __malloc_unlock
 .text._sbrk    0x0001020c       0x74 ./newlib/memory.o
                0x0001020c                _sbrk
 .text._Znwj    0x00010280        0x4 ./newlib/memory.o
                0x00010280                operator new(unsigned int)
 .text._ZdlPv   0x00010284        0x4 ./newlib/memory.o
                0x00010284                operator delete(void*)
 .text._ZdaPv   0x00010288        0x4 ./newlib/memory.o
                0x00010288                operator delete[](void*)
 .text.sys_get_mem_info
                0x0001028c       0xb8 ./newlib/memory.o
                0x0001028c                sys_get_mem_info
 .text.__aeabi_atexit
                0x00010344        0x4 ./newlib/memory.o
                0x00010344                __aeabi_atexit
 .text.startup._GLOBAL__sub_I__sbrk
                0x00010348       0x20 ./newlib/memory.o
 .text.sys_set_outchar_func
                0x00010368        0xc ./newlib/newlib_syscalls.o
                0x00010368                sys_set_outchar_func
 .text.sys_set_inchar_func
                0x00010374        0xc ./newlib/newlib_syscalls.o
                0x00010374                sys_set_inchar_func
 .text._kill    0x00010380       0x10 ./newlib/newlib_syscalls.o
                0x00010380                _kill
 .text._exit    0x00010390       0x10 ./newlib/newlib_syscalls.o
                0x00010390                _exit
 .text._getpid  0x000103a0        0x4 ./newlib/newlib_syscalls.o
                0x000103a0                _getpid
 .text._init    0x000103a4        0x4 ./newlib/newlib_syscalls.o
                0x000103a4                _init
 .text._write   0x000103a8       0x28 ./newlib/newlib_syscalls.o
                0x000103a8                _write
 .text._read    0x000103d0       0x2c ./newlib/newlib_syscalls.o
                0x000103d0                _read
 .text.syscalls_init
                0x000103fc        0x2 ./newlib/newlib_syscalls.o
                0x000103fc                syscalls_init
 .text._fstat   0x000103fe        0x4 ./newlib/newlib_syscalls.o
                0x000103fe                _fstat
 *fill*         0x00010402        0x2 ff
 .text._isatty  0x00010404       0x24 ./newlib/newlib_syscalls.o
                0x00010404                _isatty
 .text._lseek   0x00010428        0x4 ./newlib/newlib_syscalls.o
                0x00010428                _lseek
 .text._close   0x0001042c        0x4 ./newlib/newlib_syscalls.o
                0x0001042c                _close
 .text._gettimeofday
                0x00010430       0x7a ./newlib/newlib_time.o
                0x00010430                _gettimeofday
 *fill*         0x000104aa        0x2 ff
 .text._ZN7Storage13getFlashDriveEv
                0x000104ac       0x48 ./L5_Application/source/cmd_handlers/handlers.o
                0x000104ac                Storage::getFlashDrive()
 .text._ZN7Storage10getSDDriveEv
                0x000104f4       0x48 ./L5_Application/source/cmd_handlers/handlers.o
                0x000104f4                Storage::getSDDrive()
 .text._Z15taskListHandlerR3strR7CharDevPv
                0x0001053c       0xe8 ./L5_Application/source/cmd_handlers/handlers.o
                0x0001053c                taskListHandler(str&, CharDev&, void*)
 .text._Z14memInfoHandlerR3strR7CharDevPv
                0x00010624       0x22 ./L5_Application/source/cmd_handlers/handlers.o
                0x00010624                memInfoHandler(str&, CharDev&, void*)
 *fill*         0x00010646        0x2 ff
 .text._Z11timeHandlerR3strR7CharDevPv
                0x00010648       0xc4 ./L5_Application/source/cmd_handlers/handlers.o
                0x00010648                timeHandler(str&, CharDev&, void*)
 .text._Z10logHandlerR3strR7CharDevPv
                0x0001070c      0x190 ./L5_Application/source/cmd_handlers/handlers.o
                0x0001070c                logHandler(str&, CharDev&, void*)
 .text._Z9cpHandlerR3strR7CharDevPv
                0x0001089c       0x80 ./L5_Application/source/cmd_handlers/handlers.o
                0x0001089c                cpHandler(str&, CharDev&, void*)
 .text._Z10catHandlerR3strR7CharDevPv
                0x0001091c      0x104 ./L5_Application/source/cmd_handlers/handlers.o
                0x0001091c                catHandler(str&, CharDev&, void*)
 .text._Z9lsHandlerR3strR7CharDevPv
                0x00010a20      0x178 ./L5_Application/source/cmd_handlers/handlers.o
                0x00010a20                lsHandler(str&, CharDev&, void*)
 .text._Z12mkdirHandlerR3strR7CharDevPv
                0x00010b98       0x3c ./L5_Application/source/cmd_handlers/handlers.o
                0x00010b98                mkdirHandler(str&, CharDev&, void*)
 .text._Z9rmHandlerR3strR7CharDevPv
                0x00010bd4       0x3c ./L5_Application/source/cmd_handlers/handlers.o
                0x00010bd4                rmHandler(str&, CharDev&, void*)
 .text._Z9mvHandlerR3strR7CharDevPv
                0x00010c10       0x5c ./L5_Application/source/cmd_handlers/handlers.o
                0x00010c10                mvHandler(str&, CharDev&, void*)
 .text._Z14newFileHandlerR3strR7CharDevPv
                0x00010c6c       0xb0 ./L5_Application/source/cmd_handlers/handlers.o
                0x00010c6c                newFileHandler(str&, CharDev&, void*)
 .text._Z10dcpHandlerR3strR7CharDevPv
                0x00010d1c      0x140 ./L5_Application/source/cmd_handlers/handlers.o
                0x00010d1c                dcpHandler(str&, CharDev&, void*)
 .text._Z14storageHandlerR3strR7CharDevPv
                0x00010e5c       0xc0 ./L5_Application/source/cmd_handlers/handlers.o
                0x00010e5c                storageHandler(str&, CharDev&, void*)
 .text._Z13rebootHandlerR3strR7CharDevPv
                0x00010f1c       0x30 ./L5_Application/source/cmd_handlers/handlers.o
                0x00010f1c                rebootHandler(str&, CharDev&, void*)
 .text._Z14learnIrHandlerR3strR7CharDevPv
                0x00010f4c       0x38 ./L5_Application/source/cmd_handlers/handlers.o
                0x00010f4c                learnIrHandler(str&, CharDev&, void*)
 .text._ZN17SingletonTemplateI4I2C2E11getInstanceEv
                0x00010f84       0x20 ./L5_Application/source/cmd_handlers/handlers.o
                0x00010f84                SingletonTemplate<I2C2>::getInstance()
 .text._Z13healthHandlerR3strR7CharDevPv
                0x00010fa4      0x1a4 ./L5_Application/source/cmd_handlers/handlers.o
                0x00010fa4                healthHandler(str&, CharDev&, void*)
 .text._Z12i2cIoHandlerR3strR7CharDevPv
                0x00011148      0x198 ./L5_Application/source/cmd_handlers/handlers.o
                0x00011148                i2cIoHandler(str&, CharDev&, void*)
 .text._Z16flashProgHandlerR3strR7CharDevPv
                0x000112e0       0xb4 ./L5_Application/source/cmd_handlers/prog_handlers.o
                0x000112e0                flashProgHandler(str&, CharDev&, void*)
 .text._Z14getFileHandlerR3strR7CharDevPv
                0x00011394      0x134 ./L5_Application/source/cmd_handlers/prog_handlers.o
                0x00011394                getFileHandler(str&, CharDev&, void*)
 .text._ZL13wsAddrHandlerR3strR7CharDevPv
                0x000114c8       0x34 ./L5_Application/source/cmd_handlers/wireless_handlers.o
 .text._ZL25wirelessHandlerPrintStatsR7CharDevP12mesh_stats_th.constprop.4
                0x000114fc       0x3c ./L5_Application/source/cmd_handlers/wireless_handlers.o
 .text._ZL11wsTxHandlerR3strR7CharDevPv
                0x00011538      0x114 ./L5_Application/source/cmd_handlers/wireless_handlers.o
 .text._ZL14wsStatsHandlerR3strR7CharDevPv
                0x0001164c       0x1e ./L5_Application/source/cmd_handlers/wireless_handlers.o
 *fill*         0x0001166a        0x2 ff
 .text._ZL11wsRxHandlerR3strR7CharDevPv
                0x0001166c       0x80 ./L5_Application/source/cmd_handlers/wireless_handlers.o
 .text._Z12wsRteHandlerR3strR7CharDevPv
                0x000116ec       0x74 ./L5_Application/source/cmd_handlers/wireless_handlers.o
                0x000116ec                wsRteHandler(str&, CharDev&, void*)
 .text._Z15wirelessHandlerR3strR7CharDevPv
                0x00011760      0x160 ./L5_Application/source/cmd_handlers/wireless_handlers.o
                0x00011760                wirelessHandler(str&, CharDev&, void*)
 .text._ZN17SingletonTemplateI12NordicStreamE11getInstanceEv
                0x000118c0       0x20 ./L5_Application/source/cmd_handlers/wireless_handlers.o
                0x000118c0                SingletonTemplate<NordicStream>::getInstance()
 .text._ZL15wsFileTxHandlerR3strR7CharDevPv
                0x000118e0      0x22c ./L5_Application/source/cmd_handlers/wireless_handlers.o
 .text._ZL15wsStreamHandlerR3strR7CharDevPv
                0x00011b0c      0x120 ./L5_Application/source/cmd_handlers/wireless_handlers.o
 .text._ZL13hl_print_linev
                0x00011c2c        0xc ./L5_Application/source/high_level_init.o
 .text.ssp_set_max_clock
                0x00011c38       0x2c ./L5_Application/source/high_level_init.o
 .text._ZL16hl_mount_storageR16FileSystemObjectPKc
                0x00011c64       0x94 ./L5_Application/source/high_level_init.o
 .text._ZN17SingletonTemplateI11LED_DisplayE11getInstanceEv
                0x00011cf8       0x24 ./L5_Application/source/high_level_init.o
                0x00011cf8                SingletonTemplate<LED_Display>::getInstance()
 .text._ZN17SingletonTemplateI3LEDE11getInstanceEv
                0x00011d1c       0x1c ./L5_Application/source/high_level_init.o
                0x00011d1c                SingletonTemplate<LED>::getInstance()
 .text._ZN17SingletonTemplateI17TemperatureSensorE11getInstanceEv
                0x00011d38       0x28 ./L5_Application/source/high_level_init.o
                0x00011d38                SingletonTemplate<TemperatureSensor>::getInstance()
 .text._ZN17SingletonTemplateI12Light_SensorE11getInstanceEv
                0x00011d60       0x18 ./L5_Application/source/high_level_init.o
                0x00011d60                SingletonTemplate<Light_Sensor>::getInstance()
 .text._ZN17SingletonTemplateI8SwitchesE11getInstanceEv
                0x00011d78       0x18 ./L5_Application/source/high_level_init.o
                0x00011d78                SingletonTemplate<Switches>::getInstance()
 .text._Z15high_level_initv
                0x00011d90      0x548 ./L5_Application/source/high_level_init.o
                0x00011d90                high_level_init()
 .text._ZN14scheduler_task4initEv
                0x000122d8        0x4 ./L5_Application/source/remote.o
                0x000122d8                scheduler_task::init()
 .text._ZN14scheduler_task6regTlmEv
                0x000122dc        0x4 ./L5_Application/source/remote.o
                0x000122dc                scheduler_task::regTlm()
 .text._ZN14scheduler_task9taskEntryEv
                0x000122e0        0x4 ./L5_Application/source/remote.o
                0x000122e0                scheduler_task::taskEntry()
 .text._ZN17SingletonTemplateI9IR_SensorE11getInstanceEv
                0x000122e4       0x18 ./L5_Application/source/remote.o
                0x000122e4                SingletonTemplate<IR_Sensor>::getInstance()
 .text._ZN12terminalTask6regTlmEv
                0x000122fc        0x4 ./L5_Application/source/terminal.o
                0x000122fc                terminalTask::regTlm()
 .text._ZN12terminalTaskD2Ev
                0x00012300       0x48 ./L5_Application/source/terminal.o
                0x00012300                terminalTask::~terminalTask()
                0x00012300                terminalTask::~terminalTask()
 .text._ZN12terminalTaskD0Ev
                0x00012348       0x12 ./L5_Application/source/terminal.o
                0x00012348                terminalTask::~terminalTask()
 .text._ZN6VECTORIN12terminalTask9cmdChan_tEE14changeCapacityEj.part.4
                0x0001235a       0x40 ./L5_Application/source/terminal.o
 *fill*         0x0001239a        0x2 ff
 .text._ZN12terminalTaskC2Eh
                0x0001239c       0xb0 ./L5_Application/source/terminal.o
                0x0001239c                terminalTask::terminalTask(unsigned char)
                0x0001239c                terminalTask::terminalTask(unsigned char)
 .text._ZN12terminalTask22handleEchoAndBackspaceEPNS_9cmdChan_tEc
                0x0001244c       0x74 ./L5_Application/source/terminal.o
                0x0001244c                terminalTask::handleEchoAndBackspace(terminalTask::cmdChan_t*, char)
 .text._ZN12terminalTask17addCommandChannelEP7CharDevb
                0x000124c0       0x40 ./L5_Application/source/terminal.o
                0x000124c0                terminalTask::addCommandChannel(CharDev*, bool)
 .text._ZN12terminalTask10getCommandEv
                0x00012500      0x124 ./L5_Application/source/terminal.o
                0x00012500                terminalTask::getCommand()
 .text._ZN12terminalTask3runEPv
                0x00012624       0x98 ./L5_Application/source/terminal.o
                0x00012624                terminalTask::run(void*)
 .text._ZN17SingletonTemplateI5Uart0E11getInstanceEv
                0x000126bc       0x20 ./L5_Application/source/terminal.o
                0x000126bc                SingletonTemplate<Uart0>::getInstance()
 .text._ZN5Uart017putcharIntrDrivenEc
                0x000126dc       0x18 ./L5_Application/source/terminal.o
                0x000126dc                Uart0::putcharIntrDriven(char)
 .text._ZN5Uart017getcharIntrDrivenEc
                0x000126f4       0x22 ./L5_Application/source/terminal.o
                0x000126f4                Uart0::getcharIntrDriven(char)
 *fill*         0x00012716        0x2 ff
 .text._ZN12terminalTask9taskEntryEv
                0x00012718      0x27c ./L5_Application/source/terminal.o
                0x00012718                terminalTask::taskEntry()
 .text._Z20dbc_app_send_can_msgmhPh
                0x00012994       0x38 ./L5_Application/periodic_scheduler/period_callbacks.o
                0x00012994                dbc_app_send_can_msg(unsigned long, unsigned char, unsigned char*)
 .text.period_init
                0x000129cc       0x78 ./L5_Application/periodic_scheduler/period_callbacks.o
                0x000129cc                period_init
 .text.period_reg_tlm
                0x00012a44        0x4 ./L5_Application/periodic_scheduler/period_callbacks.o
                0x00012a44                period_reg_tlm
 .text.period_1Hz
                0x00012a48       0x16 ./L5_Application/periodic_scheduler/period_callbacks.o
                0x00012a48                period_1Hz
 .text.period_100Hz
                0x00012a5e        0x2 ./L5_Application/periodic_scheduler/period_callbacks.o
                0x00012a5e                period_100Hz
 .text.period_1000Hz
                0x00012a60        0x2 ./L5_Application/periodic_scheduler/period_callbacks.o
                0x00012a60                period_1000Hz
 *fill*         0x00012a62        0x2 ff
 .text._ZN17SingletonTemplateI12Lidar_SensorE11getInstanceEv
                0x00012a64       0x88 ./L5_Application/periodic_scheduler/period_callbacks.o
                0x00012a64                SingletonTemplate<Lidar_Sensor>::getInstance()
 .text.period_10Hz
                0x00012aec      0x1c4 ./L5_Application/periodic_scheduler/period_callbacks.o
                0x00012aec                period_10Hz
 .text._ZN21periodicSchedulerTaskD2Ev
                0x00012cb0        0x2 ./L5_Application/periodic_scheduler/prd_monitor.o
                0x00012cb0                periodicSchedulerTask::~periodicSchedulerTask()
                0x00012cb0                periodicSchedulerTask::~periodicSchedulerTask()
 .text._ZN21periodicSchedulerTask4initEv
                0x00012cb2        0x4 ./L5_Application/periodic_scheduler/prd_monitor.o
                0x00012cb2                periodicSchedulerTask::init()
 .text._ZN21periodicSchedulerTask6regTlmEv
                0x00012cb6        0x4 ./L5_Application/periodic_scheduler/prd_monitor.o
                0x00012cb6                periodicSchedulerTask::regTlm()
 .text._ZN21periodicSchedulerTaskD0Ev
                0x00012cba        0xc ./L5_Application/periodic_scheduler/prd_monitor.o
                0x00012cba                periodicSchedulerTask::~periodicSchedulerTask()
 *fill*         0x00012cc6        0x2 ff
 .text._Z11period_task10prd_task_t
                0x00012cc8       0x38 ./L5_Application/periodic_scheduler/prd_monitor.o
                0x00012cc8                period_task(prd_task_t)
 .text._Z15period_task_1HzPv
                0x00012d00        0xa ./L5_Application/periodic_scheduler/prd_monitor.o
                0x00012d00                period_task_1Hz(void*)
 .text._Z16period_task_10HzPv
                0x00012d0a        0xa ./L5_Application/periodic_scheduler/prd_monitor.o
                0x00012d0a                period_task_10Hz(void*)
 .text._Z17period_task_100HzPv
                0x00012d14        0xa ./L5_Application/periodic_scheduler/prd_monitor.o
                0x00012d14                period_task_100Hz(void*)
 .text._Z18period_task_1000HzPv
                0x00012d1e        0xa ./L5_Application/periodic_scheduler/prd_monitor.o
                0x00012d1e                period_task_1000Hz(void*)
 .text._ZN21periodicSchedulerTaskC2Eb
                0x00012d28      0x100 ./L5_Application/periodic_scheduler/prd_monitor.o
                0x00012d28                periodicSchedulerTask::periodicSchedulerTask(bool)
                0x00012d28                periodicSchedulerTask::periodicSchedulerTask(bool)
 .text._ZN21periodicSchedulerTask23handlePeriodicSemaphoreEhh
                0x00012e28       0x78 ./L5_Application/periodic_scheduler/prd_monitor.o
                0x00012e28                periodicSchedulerTask::handlePeriodicSemaphore(unsigned char, unsigned char)
 .text._ZN21periodicSchedulerTask3runEPv
                0x00012ea0       0x42 ./L5_Application/periodic_scheduler/prd_monitor.o
                0x00012ea0                periodicSchedulerTask::run(void*)
 .text._ZN22lidar_data_acquisitionD2Ev
                0x00012ee2        0x2 ./L5_Application/main.o
                0x00012ee2                lidar_data_acquisition::~lidar_data_acquisition()
                0x00012ee2                lidar_data_acquisition::~lidar_data_acquisition()
 .text._ZN12wirelessTaskD2Ev
                0x00012ee4        0x2 ./L5_Application/main.o
                0x00012ee4                wirelessTask::~wirelessTask()
                0x00012ee4                wirelessTask::~wirelessTask()
 .text._ZN12wirelessTask3runEPv
                0x00012ee6        0xa ./L5_Application/main.o
                0x00012ee6                wirelessTask::run(void*)
 .text._ZN12wirelessTaskD0Ev
                0x00012ef0        0xc ./L5_Application/main.o
                0x00012ef0                wirelessTask::~wirelessTask()
 .text._ZN22lidar_data_acquisitionD0Ev
                0x00012efc        0xc ./L5_Application/main.o
                0x00012efc                lidar_data_acquisition::~lidar_data_acquisition()
 .text.startup.main
                0x00012f08       0x8c ./L5_Application/main.o
                0x00012f08                main
 .text._ZN22lidar_data_acquisition4initEv
                0x00012f94        0xe ./L5_Application/main.o
                0x00012f94                lidar_data_acquisition::init()
 *fill*         0x00012fa2        0x6 ff
 .text._ZN22lidar_data_acquisition3runEPv
                0x00012fa8      0x488 ./L5_Application/main.o
                0x00012fa8                lidar_data_acquisition::run(void*)
 .text.mesh_incr_soft_timers_for_arr
                0x00013430       0x26 ./L4_IO/wireless/src/mesh.o
 *fill*         0x00013456        0x2 ff
 .text.mesh_update_soft_timers
                0x00013458       0x4c ./L4_IO/wireless/src/mesh.o
 .text.mesh_send_packet
                0x000134a4       0x3c ./L4_IO/wireless/src/mesh.o
 .text.mesh_send_retry_packet
                0x000134e0       0x34 ./L4_IO/wireless/src/mesh.o
 .text.mesh_find_rte_tbl_entry
                0x00013514       0x24 ./L4_IO/wireless/src/mesh.o
 .text.mesh_update_rte_scores
                0x00013538       0x28 ./L4_IO/wireless/src/mesh.o
 .text.mesh_get_pnd_pkt_slot
                0x00013560       0x42 ./L4_IO/wireless/src/mesh.o
 *fill*         0x000135a2        0x2 ff
 .text.mesh_pending_packets_add
                0x000135a4       0x90 ./L4_IO/wireless/src/mesh.o
 .text.mesh_get_rte_to_modify
                0x00013634       0x58 ./L4_IO/wireless/src/mesh.o
 .text.mesh_handle_pnd_pkts_for_arr
                0x0001368c      0x184 ./L4_IO/wireless/src/mesh.o
 .text.mesh_set_node_address
                0x00013810       0x18 ./L4_IO/wireless/src/mesh.o
                0x00013810                mesh_set_node_address
 .text.mesh_get_node_address
                0x00013828        0xc ./L4_IO/wireless/src/mesh.o
                0x00013828                mesh_get_node_address
 .text.mesh_set_retry_count
                0x00013834       0x10 ./L4_IO/wireless/src/mesh.o
                0x00013834                mesh_set_retry_count
 .text.mesh_form_pkt
                0x00013844      0x100 ./L4_IO/wireless/src/mesh.o
                0x00013844                mesh_form_pkt
 .text.mesh_send_formed_pkt
                0x00013944       0x50 ./L4_IO/wireless/src/mesh.o
                0x00013944                mesh_send_formed_pkt
 .text.mesh_init
                0x00013994      0x104 ./L4_IO/wireless/src/mesh.o
                0x00013994                mesh_init
 .text.mesh_send
                0x00013a98       0x3c ./L4_IO/wireless/src/mesh.o
                0x00013a98                mesh_send
 .text.mesh_send_ack
                0x00013ad4       0x1a ./L4_IO/wireless/src/mesh.o
 *fill*         0x00013aee        0x2 ff
 .text.mesh_get_routing_entry
                0x00013af0       0x2c ./L4_IO/wireless/src/mesh.o
                0x00013af0                mesh_get_routing_entry
 .text.mesh_get_num_routing_entries
                0x00013b1c       0x1c ./L4_IO/wireless/src/mesh.o
                0x00013b1c                mesh_get_num_routing_entries
 .text.mesh_service
                0x00013b38      0x2c4 ./L4_IO/wireless/src/mesh.o
                0x00013b38                mesh_service
 .text.mesh_get_pnd_pkt_count
                0x00013dfc       0x34 ./L4_IO/wireless/src/mesh.o
                0x00013dfc                mesh_get_pnd_pkt_count
 .text.mesh_get_max_timeout_before_packet_fails
                0x00013e30       0x24 ./L4_IO/wireless/src/mesh.o
                0x00013e30                mesh_get_max_timeout_before_packet_fails
 .text.mesh_get_stats
                0x00013e54       0x14 ./L4_IO/wireless/src/mesh.o
                0x00013e54                mesh_get_stats
 .text.nordic_transfer
                0x00013e68      0x104 ./L4_IO/wireless/src/nrf24L01Plus.o
 .text.nordic_readRegister
                0x00013f6c       0x20 ./L4_IO/wireless/src/nrf24L01Plus.o
 .text.nordic_writeRegister
                0x00013f8c       0x1e ./L4_IO/wireless/src/nrf24L01Plus.o
 .text.nordic_is_tx_fifo_empty
                0x00013faa        0xe ./L4_IO/wireless/src/nrf24L01Plus.o
                0x00013faa                nordic_is_tx_fifo_empty
 .text.nordic_clear_all_intr_flags
                0x00013fb8        0x8 ./L4_IO/wireless/src/nrf24L01Plus.o
                0x00013fb8                nordic_clear_all_intr_flags
 .text.nordic_queue_tx_fifo
                0x00013fc0        0xc ./L4_IO/wireless/src/nrf24L01Plus.o
                0x00013fc0                nordic_queue_tx_fifo
 .text.nordic_standby1_to_tx_mode1
                0x00013fcc       0x16 ./L4_IO/wireless/src/nrf24L01Plus.o
                0x00013fcc                nordic_standby1_to_tx_mode1
 *fill*         0x00013fe2        0x2 ff
 .text.nordic_rx_to_Stanby1
                0x00013fe4       0x10 ./L4_IO/wireless/src/nrf24L01Plus.o
                0x00013fe4                nordic_rx_to_Stanby1
 .text.nordic_standby1_to_rx
                0x00013ff4       0x24 ./L4_IO/wireless/src/nrf24L01Plus.o
                0x00013ff4                nordic_standby1_to_rx
 .text.nordic_clear_packet_sent_flag
                0x00014018        0x8 ./L4_IO/wireless/src/nrf24L01Plus.o
                0x00014018                nordic_clear_packet_sent_flag
 .text.nordic_flush_tx_fifo
                0x00014020        0xc ./L4_IO/wireless/src/nrf24L01Plus.o
                0x00014020                nordic_flush_tx_fifo
 .text.nordic_mode1_send_single_packet
                0x0001402c       0x4c ./L4_IO/wireless/src/nrf24L01Plus.o
                0x0001402c                nordic_mode1_send_single_packet
 .text.nordic_is_packet_available
                0x00014078       0x12 ./L4_IO/wireless/src/nrf24L01Plus.o
                0x00014078                nordic_is_packet_available
 .text.nordic_clear_packet_available_flag
                0x0001408a        0x8 ./L4_IO/wireless/src/nrf24L01Plus.o
                0x0001408a                nordic_clear_packet_available_flag
 .text.nordic_read_rx_fifo
                0x00014092       0x14 ./L4_IO/wireless/src/nrf24L01Plus.o
                0x00014092                nordic_read_rx_fifo
 .text.nordic_flush_rx_fifo
                0x000140a6        0xc ./L4_IO/wireless/src/nrf24L01Plus.o
                0x000140a6                nordic_flush_rx_fifo
 .text.nordic_set_intr_signals
                0x000140b2       0x3e ./L4_IO/wireless/src/nrf24L01Plus.o
                0x000140b2                nordic_set_intr_signals
 .text.nordic_set_crc
                0x000140f0       0x38 ./L4_IO/wireless/src/nrf24L01Plus.o
                0x000140f0                nordic_set_crc
 .text.nordic_power_up
                0x00014128       0x18 ./L4_IO/wireless/src/nrf24L01Plus.o
                0x00014128                nordic_power_up
 .text.nordic_power_down
                0x00014140       0x16 ./L4_IO/wireless/src/nrf24L01Plus.o
                0x00014140                nordic_power_down
 .text.nordic_set_channel
                0x00014156       0x24 ./L4_IO/wireless/src/nrf24L01Plus.o
                0x00014156                nordic_set_channel
 .text.nordic_set_air_data_rate
                0x0001417a       0x2c ./L4_IO/wireless/src/nrf24L01Plus.o
                0x0001417a                nordic_set_air_data_rate
 .text.nordic_set_power_level
                0x000141a6       0x24 ./L4_IO/wireless/src/nrf24L01Plus.o
                0x000141a6                nordic_set_power_level
 .text.nordic_set_auto_transmit_options
                0x000141ca       0x32 ./L4_IO/wireless/src/nrf24L01Plus.o
                0x000141ca                nordic_set_auto_transmit_options
 .text.nordic_set_payload_for_pipe
                0x000141fc       0x14 ./L4_IO/wireless/src/nrf24L01Plus.o
                0x000141fc                nordic_set_payload_for_pipe
 .text.nordic_set_addr_width
                0x00014210       0x16 ./L4_IO/wireless/src/nrf24L01Plus.o
                0x00014210                nordic_set_addr_width
 .text.nordic_set_tx_address
                0x00014226        0xc ./L4_IO/wireless/src/nrf24L01Plus.o
                0x00014226                nordic_set_tx_address
 .text.nordic_set_rx_pipe0_addr
                0x00014232        0xc ./L4_IO/wireless/src/nrf24L01Plus.o
                0x00014232                nordic_set_rx_pipe0_addr
 *fill*         0x0001423e        0x2 ff
 .text.nordic_init
                0x00014240       0xc8 ./L4_IO/wireless/src/nrf24L01Plus.o
                0x00014240                nordic_init
 .text.nrf_driver_init
                0x00014308       0x70 ./L4_IO/wireless/src/wireless.o
 .text.nrf_driver_app_recv
                0x00014378       0x50 ./L4_IO/wireless/src/wireless.o
 .text.nrf_driver_send
                0x000143c8       0x58 ./L4_IO/wireless/src/wireless.o
 .text.nrf_irq_callback
                0x00014420       0x34 ./L4_IO/wireless/src/wireless.o
 .text.nrf_driver_receive
                0x00014454       0x22 ./L4_IO/wireless/src/wireless.o
 .text.wireless_get_queued_pkt
                0x00014476       0x64 ./L4_IO/wireless/src/wireless.o
 .text.nrf_driver_get_timer
                0x000144da       0x28 ./L4_IO/wireless/src/wireless.o
 *fill*         0x00014502        0x2 ff
 .text.wireless_init
                0x00014504       0x4c ./L4_IO/wireless/src/wireless.o
                0x00014504                wireless_init
 .text.wireless_get_rx_pkt
                0x00014550       0x10 ./L4_IO/wireless/src/wireless.o
                0x00014550                wireless_get_rx_pkt
 .text.wireless_get_ack_pkt
                0x00014560       0x10 ./L4_IO/wireless/src/wireless.o
                0x00014560                wireless_get_ack_pkt
 .text.wireless_service
                0x00014570       0x4c ./L4_IO/wireless/src/wireless.o
                0x00014570                wireless_service
 .text._ZN4GPIOC2E17LPC1758_GPIO_Type
                0x000145bc       0x50 ./L4_IO/src/gpio.o
                0x000145bc                GPIO::GPIO(LPC1758_GPIO_Type)
                0x000145bc                GPIO::GPIO(LPC1758_GPIO_Type)
 .text._ZN4GPIO10setAsInputEv
                0x0001460c       0x12 ./L4_IO/src/gpio.o
                0x0001460c                GPIO::setAsInput()
 .text._ZN4GPIO11setAsOutputEv
                0x0001461e       0x10 ./L4_IO/src/gpio.o
                0x0001461e                GPIO::setAsOutput()
 .text._ZN4GPIO7setHighEv
                0x0001462e        0xc ./L4_IO/src/gpio.o
                0x0001462e                GPIO::setHigh()
 .text._ZN4GPIO6setLowEv
                0x0001463a        0xc ./L4_IO/src/gpio.o
                0x0001463a                GPIO::setLow()
 *fill*         0x00014646        0x2 ff
 .text._ZN4GPIO12enablePullUpEv
                0x00014648       0x24 ./L4_IO/src/gpio.o
                0x00014648                GPIO::enablePullUp()
 .text._ZN4GPIO19enableOpenDrainModeEb
                0x0001466c       0x2c ./L4_IO/src/gpio.o
                0x0001466c                GPIO::enableOpenDrainMode(bool)
 .text._ZN4GPIOD2Ev
                0x00014698       0x1a ./L4_IO/src/gpio.o
                0x00014698                GPIO::~GPIO()
                0x00014698                GPIO::~GPIO()
 .text._ZN11i2c2_device8writeRegEhh
                0x000146b2        0xc ./L4_IO/src/io_source.o
                0x000146b2                i2c2_device::writeReg(unsigned char, unsigned char)
 .text._ZN11i2c2_device16get16BitRegisterEh
                0x000146be       0x2a ./L4_IO/src/io_source.o
                0x000146be                i2c2_device::get16BitRegister(unsigned char)
 .text._ZN19Acceleration_Sensor4initEv
                0x000146e8       0x20 ./L4_IO/src/io_source.o
                0x000146e8                Acceleration_Sensor::init()
 .text._ZN9IR_Sensor11storeIrCodeEm
                0x00014708       0x1c ./L4_IO/src/io_source.o
                0x00014708                IR_Sensor::storeIrCode(unsigned long)
 .text._ZN9IR_Sensor12decodeIrCodeEv
                0x00014724       0x64 ./L4_IO/src/io_source.o
                0x00014724                IR_Sensor::decodeIrCode()
 .text._ZN9IR_Sensor4initEv
                0x00014788       0x34 ./L4_IO/src/io_source.o
                0x00014788                IR_Sensor::init()
 .text._ZN11LED_Display12setLeftDigitEc
                0x000147bc       0x18 ./L4_IO/src/io_source.o
                0x000147bc                LED_Display::setLeftDigit(char)
 .text._ZN11LED_Display13setRightDigitEc
                0x000147d4       0x18 ./L4_IO/src/io_source.o
                0x000147d4                LED_Display::setRightDigit(char)
 .text._ZN11LED_Display4initEv
                0x000147ec       0x38 ./L4_IO/src/io_source.o
                0x000147ec                LED_Display::init()
 .text._ZN11LED_Display9setNumberEc
                0x00014824       0x3a ./L4_IO/src/io_source.o
                0x00014824                LED_Display::setNumber(char)
 .text._ZN3LED4initEv
                0x0001485e        0x4 ./L4_IO/src/io_source.o
                0x0001485e                LED::init()
 *fill*         0x00014862        0x2 ff
 .text._ZN3LED6setAllEh
                0x00014864       0x5c ./L4_IO/src/io_source.o
                0x00014864                LED::setAll(unsigned char)
 .text._ZN3LED2onEh
                0x000148c0       0x28 ./L4_IO/src/io_source.o
                0x000148c0                LED::on(unsigned char)
 .text._ZN3LED3offEh
                0x000148e8       0x28 ./L4_IO/src/io_source.o
                0x000148e8                LED::off(unsigned char)
 .text._ZN3LED6toggleEh
                0x00014910       0x28 ./L4_IO/src/io_source.o
                0x00014910                LED::toggle(unsigned char)
 .text._ZN12Light_Sensor4initEv
                0x00014938        0x4 ./L4_IO/src/io_source.o
                0x00014938                Light_Sensor::init()
 .text._ZN12Light_Sensor11getRawValueEv
                0x0001493c        0x6 ./L4_IO/src/io_source.o
                0x0001493c                Light_Sensor::getRawValue()
 .text._ZN8Switches4initEv
                0x00014942        0x4 ./L4_IO/src/io_source.o
                0x00014942                Switches::init()
 *fill*         0x00014946        0x2 ff
 .text._ZN8Switches15getSwitchValuesEv
                0x00014948       0x18 ./L4_IO/src/io_source.o
                0x00014948                Switches::getSwitchValues()
 .text._ZN8I2C_Temp4initEv
                0x00014960       0x22 ./L4_IO/src/io_source.o
                0x00014960                I2C_Temp::init()
 .text._ZN8I2C_Temp10getCelsiusEv
                0x00014982       0x30 ./L4_IO/src/io_source.o
                0x00014982                I2C_Temp::getCelsius()
 *fill*         0x000149b2        0x2 ff
 .text._ZN8I2C_Temp12getFarenheitEv
                0x000149b4       0x24 ./L4_IO/src/io_source.o
                0x000149b4                I2C_Temp::getFarenheit()
 .text._ZN12Lidar_Sensor12update_lanesEv
                0x000149d8       0x7c ./L4_IO/src/lidar_sensor.o
                0x000149d8                Lidar_Sensor::update_lanes()
 .text._ZN17SingletonTemplateI5Uart2E11getInstanceEv
                0x00014a54       0x20 ./L4_IO/src/lidar_sensor.o
                0x00014a54                SingletonTemplate<Uart2>::getInstance()
 .text._ZN12Lidar_Sensor18send_lidar_commandE11lidar_cmd_t
                0x00014a74       0x28 ./L4_IO/src/lidar_sensor.o
                0x00014a74                Lidar_Sensor::send_lidar_command(lidar_cmd_t)
 .text._ZN12Lidar_Sensor10start_scanEv
                0x00014a9c        0x6 ./L4_IO/src/lidar_sensor.o
                0x00014a9c                Lidar_Sensor::start_scan()
 .text._ZN12Lidar_Sensor18receive_lidar_dataEv
                0x00014aa2       0x22 ./L4_IO/src/lidar_sensor.o
                0x00014aa2                Lidar_Sensor::receive_lidar_data()
 .text._ZN12Lidar_Sensor16check_start_scanEv
                0x00014ac4       0x26 ./L4_IO/src/lidar_sensor.o
                0x00014ac4                Lidar_Sensor::check_start_scan()
 *fill*         0x00014aea        0x2 ff
 .text._ZN12Sonar_Sensor23sensor_detect_rise_leftEv
                0x00014aec       0x14 ./L4_IO/src/sonar_sensor.o
                0x00014aec                Sonar_Sensor::sensor_detect_rise_left()
 .text._ZN12Sonar_Sensor23sensor_detect_fall_leftEv
                0x00014b00       0x34 ./L4_IO/src/sonar_sensor.o
                0x00014b00                Sonar_Sensor::sensor_detect_fall_left()
 .text._ZN12Sonar_Sensor23sensor_detect_rise_backEv
                0x00014b34       0x14 ./L4_IO/src/sonar_sensor.o
                0x00014b34                Sonar_Sensor::sensor_detect_rise_back()
 .text._ZN12Sonar_Sensor24sensor_detect_rise_rightEv
                0x00014b48       0x14 ./L4_IO/src/sonar_sensor.o
                0x00014b48                Sonar_Sensor::sensor_detect_rise_right()
 .text._ZN12Sonar_Sensor24sensor_detect_fall_rightEv
                0x00014b5c       0x34 ./L4_IO/src/sonar_sensor.o
                0x00014b5c                Sonar_Sensor::sensor_detect_fall_right()
 .text._ZN12Sonar_Sensor23sensor_detect_fall_backEv
                0x00014b90       0x44 ./L4_IO/src/sonar_sensor.o
                0x00014b90                Sonar_Sensor::sensor_detect_fall_back()
 .text._ZN12Sonar_SensorC2Ev
                0x00014bd4       0x4c ./L4_IO/src/sonar_sensor.o
                0x00014bd4                Sonar_Sensor::Sonar_Sensor()
                0x00014bd4                Sonar_Sensor::Sonar_Sensor()
 .text._ZN12Sonar_Sensor4initEv
                0x00014c20       0x98 ./L4_IO/src/sonar_sensor.o
                0x00014c20                Sonar_Sensor::init()
 .text._ZN12Sonar_Sensor15start_operationEv
                0x00014cb8       0x20 ./L4_IO/src/sonar_sensor.o
                0x00014cb8                Sonar_Sensor::start_operation()
 .text.startup._GLOBAL__sub_I_PWM_left
                0x00014cd8       0xa4 ./L4_IO/src/sonar_sensor.o
 .text._ZN7Storage4copyEPKcS1_PjS2_S2_
                0x00014d7c       0xf4 ./L4_IO/src/storage.o
                0x00014d7c                Storage::copy(char const*, char const*, unsigned int*, unsigned int*, unsigned int*)
 .text._ZN7Storage4readEPKcPvjj
                0x00014e70       0x44 ./L4_IO/src/storage.o
                0x00014e70                Storage::read(char const*, void*, unsigned int, unsigned int)
 .text._ZN7Storage5writeEPKcPvjj
                0x00014eb4       0x44 ./L4_IO/src/storage.o
                0x00014eb4                Storage::write(char const*, void*, unsigned int, unsigned int)
 .text._ZN7Storage6appendEPKcPKvjj
                0x00014ef8       0x48 ./L4_IO/src/storage.o
                0x00014ef8                Storage::append(char const*, void const*, unsigned int, unsigned int)
 .text.ff_convert
                0x00014f40       0x3c ./L4_IO/fat/option/ccsbcs.o
                0x00014f40                ff_convert
 .text.ff_wtoupper
                0x00014f7c       0x24 ./L4_IO/fat/option/ccsbcs.o
                0x00014f7c                ff_wtoupper
 .text.ff_cre_syncobj
                0x00014fa0       0x14 ./L4_IO/fat/option/reentrant.o
                0x00014fa0                ff_cre_syncobj
 .text.ff_del_syncobj
                0x00014fb4        0x4 ./L4_IO/fat/option/reentrant.o
                0x00014fb4                ff_del_syncobj
 .text.ff_req_grant
                0x00014fb8       0x26 ./L4_IO/fat/option/reentrant.o
                0x00014fb8                ff_req_grant
 .text.ff_rel_grant
                0x00014fde       0x1e ./L4_IO/fat/option/reentrant.o
                0x00014fde                ff_rel_grant
 .text.disk_initialize
                0x00014ffc       0x26 ./L4_IO/fat/disk/diskio.o
                0x00014ffc                disk_initialize
 .text.disk_status
                0x00015022       0x10 ./L4_IO/fat/disk/diskio.o
                0x00015022                disk_status
 .text.disk_read
                0x00015032       0x38 ./L4_IO/fat/disk/diskio.o
                0x00015032                disk_read
 .text.disk_write
                0x0001506a       0x38 ./L4_IO/fat/disk/diskio.o
                0x0001506a                disk_write
 .text.disk_ioctl
                0x000150a2       0x32 ./L4_IO/fat/disk/diskio.o
                0x000150a2                disk_ioctl
 .text.sys_get_uptime_ms
                0x000150d4       0x12 ./L4_IO/fat/disk/sd.o
 *fill*         0x000150e6        0x2 ff
 .text.ssp1_set_max_clock
                0x000150e8       0x30 ./L4_IO/fat/disk/sd.o
 .text.ssp1_exchange_byte
                0x00015118       0x18 ./L4_IO/fat/disk/sd.o
 .text.wait_ready
                0x00015130       0x2e ./L4_IO/fat/disk/sd.o
                0x00015130                wait_ready
 *fill*         0x0001515e        0x2 ff
 .text.power_off
                0x00015160       0x24 ./L4_IO/fat/disk/sd.o
                0x00015160                power_off
 .text.rcvr_datablock
                0x00015184       0x8c ./L4_IO/fat/disk/sd.o
                0x00015184                rcvr_datablock
 .text.xmit_datablock
                0x00015210       0x4c ./L4_IO/fat/disk/sd.o
                0x00015210                xmit_datablock
 .text.send_cmd
                0x0001525c       0x90 ./L4_IO/fat/disk/sd.o
                0x0001525c                send_cmd
 .text.sd_update_card_status
                0x000152ec       0x24 ./L4_IO/fat/disk/sd.o
                0x000152ec                sd_update_card_status
 .text.sd_initialize
                0x00015310      0x170 ./L4_IO/fat/disk/sd.o
                0x00015310                sd_initialize
 .text.sd_status
                0x00015480       0x10 ./L4_IO/fat/disk/sd.o
                0x00015480                sd_status
 .text.sd_read  0x00015490       0x98 ./L4_IO/fat/disk/sd.o
                0x00015490                sd_read
 .text.sd_write
                0x00015528       0xb4 ./L4_IO/fat/disk/sd.o
                0x00015528                sd_write
 .text.sd_ioctl
                0x000155dc      0x234 ./L4_IO/fat/disk/sd.o
                0x000155dc                sd_ioctl
 .text._ZL24flash_get_mem_size_bytesv
                0x00015810       0x20 ./L4_IO/fat/disk/spi_flash.o
 .text._ZL37flash_perform_page_io_of_fatfs_sectorPFvPhmmES_m
                0x00015830       0x74 ./L4_IO/fat/disk/spi_flash.o
 .text.ssp1_exchange_data
                0x000158a4       0xc4 ./L4_IO/fat/disk/spi_flash.o
 .text._ZL18flash_send_op_addr14flash_opcode_tm
                0x00015968       0x26 ./L4_IO/fat/disk/spi_flash.o
 *fill*         0x0001598e        0x2 ff
 .text._ZL15flash_read_pagePhmm
                0x00015990       0x44 ./L4_IO/fat/disk/spi_flash.o
 .text._ZL20flash_wait_for_readyv
                0x000159d4       0x44 ./L4_IO/fat/disk/spi_flash.o
 .text.flash_initialize
                0x00015a18       0x98 ./L4_IO/fat/disk/spi_flash.o
                0x00015a18                flash_initialize
 .text.flash_read_sectors
                0x00015ab0       0x44 ./L4_IO/fat/disk/spi_flash.o
                0x00015ab0                flash_read_sectors
 .text.flash_write_sectors
                0x00015af4       0x40 ./L4_IO/fat/disk/spi_flash.o
                0x00015af4                flash_write_sectors
 .text.flash_ioctl
                0x00015b34       0x36 ./L4_IO/fat/disk/spi_flash.o
                0x00015b34                flash_ioctl
 *fill*         0x00015b6a        0x2 ff
 .text.flash_write_permanent_id
                0x00015b6c       0x44 ./L4_IO/fat/disk/spi_flash.o
                0x00015b6c                flash_write_permanent_id
 .text.flash_read_permanent_id
                0x00015bb0       0x28 ./L4_IO/fat/disk/spi_flash.o
                0x00015bb0                flash_read_permanent_id
 .text.flash_get_page_count
                0x00015bd8       0x20 ./L4_IO/fat/disk/spi_flash.o
                0x00015bd8                flash_get_page_count
 .text.flash_get_page_size
                0x00015bf8        0xc ./L4_IO/fat/disk/spi_flash.o
                0x00015bf8                flash_get_page_size
 .text.flash_supports_metadata
                0x00015c04       0x10 ./L4_IO/fat/disk/spi_flash.o
                0x00015c04                flash_supports_metadata
 .text._ZL16flash_write_pagePhmm
                0x00015c14       0x8c ./L4_IO/fat/disk/spi_flash.o
 .text.flash_get_page_write_count
                0x00015ca0       0x54 ./L4_IO/fat/disk/spi_flash.o
                0x00015ca0                flash_get_page_write_count
 .text.flash_chip_erase
                0x00015cf4       0x2c ./L4_IO/fat/disk/spi_flash.o
                0x00015cf4                flash_chip_erase
 .text.get_fattime
                0x00015d20       0x52 ./L4_IO/fat/fatfs_time.o
                0x00015d20                get_fattime
 .text.mem_cpy  0x00015d72       0x38 ./L4_IO/fat/ff.o
 .text.mem_set  0x00015daa        0xe ./L4_IO/fat/ff.o
 .text.sum_sfn  0x00015db8       0x1e ./L4_IO/fat/ff.o
 .text.get_ldnumber
                0x00015dd6       0x3c ./L4_IO/fat/ff.o
 .text.get_fileinfo
                0x00015e12       0xc4 ./L4_IO/fat/ff.o
 .text.sync_window.part.1
                0x00015ed6       0x46 ./L4_IO/fat/ff.o
 .text.sync_window
                0x00015f1c        0xc ./L4_IO/fat/ff.o
 .text.sync_fs  0x00015f28       0x74 ./L4_IO/fat/ff.o
 .text.move_window
                0x00015f9c       0x34 ./L4_IO/fat/ff.o
 .text.check_fs
                0x00015fd0       0x4c ./L4_IO/fat/ff.o
 .text.find_volume
                0x0001601c      0x23c ./L4_IO/fat/ff.o
 .text.validate
                0x00016258       0x3a ./L4_IO/fat/ff.o
 .text.unlock_fs
                0x00016292       0x1a ./L4_IO/fat/ff.o
 .text.clust2sect
                0x000162ac       0x16 ./L4_IO/fat/ff.o
                0x000162ac                clust2sect
 .text.get_fat  0x000162c2       0xa6 ./L4_IO/fat/ff.o
                0x000162c2                get_fat
 .text.dir_sdi  0x00016368       0x7e ./L4_IO/fat/ff.o
 .text.put_fat  0x000163e6       0xd2 ./L4_IO/fat/ff.o
                0x000163e6                put_fat
 .text.create_chain
                0x000164b8       0xa2 ./L4_IO/fat/ff.o
 .text.dir_next
                0x0001655a       0xee ./L4_IO/fat/ff.o
 .text.dir_find.part.9
                0x00016648      0x124 ./L4_IO/fat/ff.o
 .text.follow_path
                0x0001676c      0x268 ./L4_IO/fat/ff.o
 .text.dir_register
                0x000169d4      0x224 ./L4_IO/fat/ff.o
 .text.dir_remove
                0x00016bf8       0x5a ./L4_IO/fat/ff.o
 *fill*         0x00016c52        0x2 ff
 .text.dir_read.constprop.11
                0x00016c54       0xe8 ./L4_IO/fat/ff.o
 .text.remove_chain
                0x00016d3c       0x58 ./L4_IO/fat/ff.o
 .text.f_mount  0x00016d94       0x7c ./L4_IO/fat/ff.o
                0x00016d94                f_mount
 .text.f_open   0x00016e10      0x134 ./L4_IO/fat/ff.o
                0x00016e10                f_open
 .text.f_read   0x00016f44      0x170 ./L4_IO/fat/ff.o
                0x00016f44                f_read
 .text.f_write  0x000170b4      0x1a2 ./L4_IO/fat/ff.o
                0x000170b4                f_write
 .text.f_sync   0x00017256       0x8c ./L4_IO/fat/ff.o
                0x00017256                f_sync
 .text.f_close  0x000172e2       0x24 ./L4_IO/fat/ff.o
                0x000172e2                f_close
 .text.f_lseek  0x00017306      0x14e ./L4_IO/fat/ff.o
                0x00017306                f_lseek
 .text.f_opendir
                0x00017454       0x88 ./L4_IO/fat/ff.o
                0x00017454                f_opendir
 .text.f_readdir
                0x000174dc       0x5e ./L4_IO/fat/ff.o
                0x000174dc                f_readdir
 .text.f_getfree
                0x0001753a       0xca ./L4_IO/fat/ff.o
                0x0001753a                f_getfree
 .text.f_unlink
                0x00017604       0xba ./L4_IO/fat/ff.o
                0x00017604                f_unlink
 .text.f_mkdir  0x000176be      0x152 ./L4_IO/fat/ff.o
                0x000176be                f_mkdir
 .text.f_rename
                0x00017810      0x120 ./L4_IO/fat/ff.o
                0x00017810                f_rename
 .text.f_mkfs   0x00017930      0x4ec ./L4_IO/fat/ff.o
                0x00017930                f_mkfs
 .text.c_list_for_each_elm
                0x00017e1c       0x2a ./L3_Utils/src/c_list.o
                0x00017e1c                c_list_for_each_elm
 *fill*         0x00017e46        0x2 ff
 .text._ZN16CommandProcessor10addHandlerEPFbR3strR7CharDevPvEPKcS8_S4_
                0x00017e48       0x7c ./L3_Utils/src/command_handler.o
                0x00017e48                CommandProcessor::addHandler(bool (*)(str&, CharDev&, void*), char const*, char const*, void*)
 .text._ZN16CommandProcessor24getRegisteredCommandListER7CharDev
                0x00017ec4       0x98 ./L3_Utils/src/command_handler.o
                0x00017ec4                CommandProcessor::getRegisteredCommandList(CharDev&)
 .text._ZN16CommandProcessor11getHelpTextER3strR7CharDev
                0x00017f5c       0x70 ./L3_Utils/src/command_handler.o
                0x00017f5c                CommandProcessor::getHelpText(str&, CharDev&)
 .text._ZN16CommandProcessor15prepareCmdParamER3strPKc
                0x00017fcc       0x3c ./L3_Utils/src/command_handler.o
                0x00017fcc                CommandProcessor::prepareCmdParam(str&, char const*)
 .text._ZN16CommandProcessor13handleCommandER3strR7CharDev
                0x00018008      0x14c ./L3_Utils/src/command_handler.o
                0x00018008                CommandProcessor::handleCommand(str&, CharDev&)
 .text.logger_get_buffer_ptr
                0x00018154       0x44 ./L3_Utils/src/file_logger.o
 .text.logger_write_to_file
                0x00018198       0xb4 ./L3_Utils/src/file_logger.o
 .text.logger_task
                0x0001824c       0xd0 ./L3_Utils/src/file_logger.o
 .text.logger_write_log_message
                0x0001831c       0x48 ./L3_Utils/src/file_logger.o
 .text.logger_send_flush_request
                0x00018364       0x34 ./L3_Utils/src/file_logger.o
                0x00018364                logger_send_flush_request
 .text.logger_get_logged_call_count
                0x00018398       0x14 ./L3_Utils/src/file_logger.o
                0x00018398                logger_get_logged_call_count
 .text.logger_get_blocked_call_count
                0x000183ac        0xc ./L3_Utils/src/file_logger.o
                0x000183ac                logger_get_blocked_call_count
 .text.logger_get_highest_file_write_time_ms
                0x000183b8        0xc ./L3_Utils/src/file_logger.o
                0x000183b8                logger_get_highest_file_write_time_ms
 .text.logger_get_num_buffers_watermark
                0x000183c4        0xc ./L3_Utils/src/file_logger.o
                0x000183c4                logger_get_num_buffers_watermark
 .text.logger_init
                0x000183d0       0xd4 ./L3_Utils/src/file_logger.o
                0x000183d0                logger_init
 .text.logger_set_printf
                0x000184a4       0x1c ./L3_Utils/src/file_logger.o
                0x000184a4                logger_set_printf
 .text.logger_log
                0x000184c0      0x134 ./L3_Utils/src/file_logger.o
                0x000184c0                logger_log
 .text.logger_log_raw
                0x000185f4       0x40 ./L3_Utils/src/file_logger.o
                0x000185f4                logger_log_raw
 .text.u0_dbg_put
                0x00018634       0x1e ./L3_Utils/src/printf_lib.o
                0x00018634                u0_dbg_put
 .text.u0_dbg_printf
                0x00018652       0x3c ./L3_Utils/src/printf_lib.o
                0x00018652                u0_dbg_printf
 .text.for_each_recur_alarm_callback
                0x0001868e       0x24 ./L3_Utils/src/rtc_alarm.o
 .text.for_each_alarm_callback
                0x000186b2       0x5a ./L3_Utils/src/rtc_alarm.o
 .text.RTC_IRQHandler
                0x0001870c       0xac ./L3_Utils/src/rtc_alarm.o
                0x0001870c                RTC_IRQHandler
 .text.__sputc_r
                0x000187b8       0x2c ./L3_Utils/src/scheduler_task.o
 .text._ZL9dbg_printPKcS0_
                0x000187e4       0x34 ./L3_Utils/src/scheduler_task.o
 .text._ZL9printlinePKcS0_
                0x00018818       0x38 ./L3_Utils/src/scheduler_task.o
 .text._Z24scheduler_c_task_privatePv
                0x00018850      0x120 ./L3_Utils/src/scheduler_task.o
                0x00018850                scheduler_c_task_private(void*)
 .text._Z18scheduler_init_allb
                0x00018970       0xec ./L3_Utils/src/scheduler_task.o
                0x00018970                scheduler_init_all(bool)
 .text._Z18scheduler_add_taskP14scheduler_task
                0x00018a5c       0x1c ./L3_Utils/src/scheduler_task.o
                0x00018a5c                scheduler_add_task(scheduler_task*)
 .text._Z15scheduler_startbb
                0x00018a78       0x40 ./L3_Utils/src/scheduler_task.o
                0x00018a78                scheduler_start(bool, bool)
 .text._ZN14scheduler_taskC2EPKcmhPv
                0x00018ab8       0x34 ./L3_Utils/src/scheduler_task.o
                0x00018ab8                scheduler_task::scheduler_task(char const*, unsigned long, unsigned char, void*)
                0x00018ab8                scheduler_task::scheduler_task(char const*, unsigned long, unsigned char, void*)
 .text._ZN14scheduler_task15getSharedObjectEh
                0x00018aec       0x18 ./L3_Utils/src/scheduler_task.o
                0x00018aec                scheduler_task::getSharedObject(unsigned char)
 .text._ZN3strC2EPci
                0x00018b04       0x2a ./L3_Utils/src/str.o
                0x00018b04                str::str(char*, int)
                0x00018b04                str::str(char*, int)
 .text._ZN3strD2Ev
                0x00018b2e       0x24 ./L3_Utils/src/str.o
                0x00018b2e                str::~str()
                0x00018b2e                str::~str()
 .text._ZNK3str6getLenEv
                0x00018b52        0x6 ./L3_Utils/src/str.o
                0x00018b52                str::getLen() const
 .text._ZNK3str11getCapacityEv
                0x00018b58        0x4 ./L3_Utils/src/str.o
                0x00018b58                str::getCapacity() const
 .text._ZN3str5clearEv
                0x00018b5c        0x8 ./L3_Utils/src/str.o
                0x00018b5c                str::clear()
 .text._ZN3str5scanfEPKcz
                0x00018b64       0x1c ./L3_Utils/src/str.o
                0x00018b64                str::scanf(char const*, ...)
 .text._ZN3str8tokenizeEPKciz
                0x00018b80       0x4c ./L3_Utils/src/str.o
                0x00018b80                str::tokenize(char const*, int, ...)
 .text._ZNK3str9compareToEPKc
                0x00018bcc       0x14 ./L3_Utils/src/str.o
                0x00018bcc                str::compareTo(char const*) const
 .text._ZNK3str19compareToIgnoreCaseEPKc
                0x00018be0       0x10 ./L3_Utils/src/str.o
                0x00018be0                str::compareToIgnoreCase(char const*) const
 .text._ZNK3str22firstIndexOfIgnoreCaseEPKc
                0x00018bf0       0x80 ./L3_Utils/src/str.o
                0x00018bf0                str::firstIndexOfIgnoreCase(char const*) const
 .text._ZNK3str18containsIgnoreCaseEPKc
                0x00018c70        0xe ./L3_Utils/src/str.o
                0x00018c70                str::containsIgnoreCase(char const*) const
 .text._ZNK3str12firstIndexOfEPKc
                0x00018c7e       0x16 ./L3_Utils/src/str.o
                0x00018c7e                str::firstIndexOf(char const*) const
 .text._ZNK3str10beginsWithEPKc
                0x00018c94       0x2e ./L3_Utils/src/str.o
                0x00018c94                str::beginsWith(char const*) const
 .text._ZNK3str20beginsWithIgnoreCaseEPKc
                0x00018cc2       0x2e ./L3_Utils/src/str.o
                0x00018cc2                str::beginsWithIgnoreCase(char const*) const
 .text._ZNK3str29beginsWithWholeWordIgnoreCaseEPKcc
                0x00018cf0       0x38 ./L3_Utils/src/str.o
                0x00018cf0                str::beginsWithWholeWordIgnoreCase(char const*, char) const
 .text._ZN3str10eraseFirstEi
                0x00018d28       0x28 ./L3_Utils/src/str.o
                0x00018d28                str::eraseFirst(int)
 .text._ZN3str9eraseLastEi
                0x00018d50       0x20 ./L3_Utils/src/str.o
                0x00018d50                str::eraseLast(int)
 .text._ZN3str10eraseAfterEii
                0x00018d70       0x38 ./L3_Utils/src/str.o
                0x00018d70                str::eraseAfter(int, int)
 .text._ZN3str5eraseEPKc
                0x00018da8       0x28 ./L3_Utils/src/str.o
                0x00018da8                str::erase(char const*)
 .text._ZN3str15eraseFirstWordsEic
                0x00018dd0       0x2a ./L3_Utils/src/str.o
                0x00018dd0                str::eraseFirstWords(int, char)
 .text._ZN3str9trimStartEPKc
                0x00018dfa       0x40 ./L3_Utils/src/str.o
                0x00018dfa                str::trimStart(char const*)
 .text._ZN3str7trimEndEPKc
                0x00018e3a       0x3a ./L3_Utils/src/str.o
                0x00018e3a                str::trimEnd(char const*)
 .text._ZNK3streqEPKc
                0x00018e74        0x4 ./L3_Utils/src/str.o
                0x00018e74                str::operator==(char const*) const
 .text._ZNK3strclEv
                0x00018e78        0x4 ./L3_Utils/src/str.o
                0x00018e78                str::operator()() const
 .text._ZNK3strcviEv
                0x00018e7c        0x6 ./L3_Utils/src/str.o
                0x00018e7c                str::operator int() const
 .text._ZN3strixEi
                0x00018e82       0x14 ./L3_Utils/src/str.o
                0x00018e82                str::operator[](int)
 .text._ZN3str13reAllocateMemEi
                0x00018e96       0x4c ./L3_Utils/src/str.o
                0x00018e96                str::reAllocateMem(int)
 .text._ZN3str4initEi
                0x00018ee2       0x10 ./L3_Utils/src/str.o
                0x00018ee2                str::init(int)
 .text._ZN3strC2Ei
                0x00018ef2        0xc ./L3_Utils/src/str.o
                0x00018ef2                str::str(int)
                0x00018ef2                str::str(int)
 .text._ZN3str7reserveEi
                0x00018efe        0xe ./L3_Utils/src/str.o
                0x00018efe                str::reserve(int)
 .text._ZN3str6printfEPKcz
                0x00018f0c       0x42 ./L3_Utils/src/str.o
                0x00018f0c                str::printf(char const*, ...)
 .text._ZN3str26ensureMemoryToInsertNCharsEi
                0x00018f4e       0x22 ./L3_Utils/src/str.o
                0x00018f4e                str::ensureMemoryToInsertNChars(int)
 .text._ZN3str11insertAtEndEPKc
                0x00018f70       0x22 ./L3_Utils/src/str.o
                0x00018f70                str::insertAtEnd(char const*)
 .text._ZN3strpLEc
                0x00018f92       0x1a ./L3_Utils/src/str.o
                0x00018f92                str::operator+=(char)
 .text._ZN3str8copyFromEPKc
                0x00018fac       0x3c ./L3_Utils/src/str.o
                0x00018fac                str::copyFrom(char const*)
 .text._ZN3straSEPKc
                0x00018fe8        0x4 ./L3_Utils/src/str.o
                0x00018fe8                str::operator=(char const*)
 .text.delay_us
                0x00018fec       0x1c ./L3_Utils/src/utilities.o
                0x00018fec                delay_us
 .text.is_freertos_running
                0x00019008        0xe ./L3_Utils/src/utilities.o
                0x00019008                is_freertos_running
 .text.delay_ms
                0x00019016       0x22 ./L3_Utils/src/utilities.o
                0x00019016                delay_ms
 .text.adc0_start_conversion
                0x00019038       0x24 ./L2_Drivers/src/adc.o
 .text.ADC_IRQHandler
                0x0001905c       0x48 ./L2_Drivers/src/adc.o
                0x0001905c                ADC_IRQHandler
 .text.adc0_init
                0x000190a4       0x74 ./L2_Drivers/src/adc.o
                0x000190a4                adc0_init
 .text.adc0_get_reading
                0x00019118       0x78 ./L2_Drivers/src/adc.o
                0x00019118                adc0_get_reading
 .text.CAN_tx_now
                0x00019190       0x32 ./L2_Drivers/src/can.o
 *fill*         0x000191c2        0x2 ff
 .text.CAN_handle_isr
                0x000191c4       0xa0 ./L2_Drivers/src/can.o
 .text.CAN_IRQHandler
                0x00019264       0x28 ./L2_Drivers/src/can.o
                0x00019264                CAN_IRQHandler
 .text.CAN_init
                0x0001928c      0x190 ./L2_Drivers/src/can.o
                0x0001928c                CAN_init
 .text.CAN_rx   0x0001941c       0x8c ./L2_Drivers/src/can.o
                0x0001941c                CAN_rx
 .text.CAN_is_bus_off
                0x000194a8       0x1c ./L2_Drivers/src/can.o
                0x000194a8                CAN_is_bus_off
 .text.CAN_tx   0x000194c4       0xa4 ./L2_Drivers/src/can.o
                0x000194c4                CAN_tx
 .text.CAN_reset_bus
                0x00019568       0x18 ./L2_Drivers/src/can.o
                0x00019568                CAN_reset_bus
 .text.CAN_gen_sid
                0x00019580       0x34 ./L2_Drivers/src/can.o
                0x00019580                CAN_gen_sid
 .text.CAN_setup_filter
                0x000195b4      0x144 ./L2_Drivers/src/can.o
                0x000195b4                CAN_setup_filter
 .text.handle_eint_list
                0x000196f8       0x2c ./L2_Drivers/src/eint.o
 .text.eint3_enable.isra.0
                0x00019724       0x38 ./L2_Drivers/src/eint.o
 .text.EINT3_IRQHandler
                0x0001975c       0x80 ./L2_Drivers/src/eint.o
                0x0001975c                EINT3_IRQHandler
 .text.eint3_enable_port0
                0x000197dc       0x30 ./L2_Drivers/src/eint.o
                0x000197dc                eint3_enable_port0
 .text.eint3_enable_port2
                0x0001980c       0x30 ./L2_Drivers/src/eint.o
                0x0001980c                eint3_enable_port2
 .text._ZN4I2C24initEj
                0x0001983c       0x68 ./L2_Drivers/src/i2c2.o
                0x0001983c                I2C2::init(unsigned int)
 .text._ZN4I2C2C2Ev
                0x000198a4       0x14 ./L2_Drivers/src/i2c2.o
                0x000198a4                I2C2::I2C2()
                0x000198a4                I2C2::I2C2()
 .text.I2C2_IRQHandler
                0x000198b8       0x24 ./L2_Drivers/src/i2c2.o
                0x000198b8                I2C2_IRQHandler
 .text.RIT_IRQHandler
                0x000198dc       0x1c ./L2_Drivers/src/lpc_rit.o
                0x000198dc                RIT_IRQHandler
 .text.lpc_timer_get_struct
                0x000198f8       0x20 ./L2_Drivers/src/lpc_timers.o
 .text.lpc_timer_enable
                0x00019918       0x54 ./L2_Drivers/src/lpc_timers.o
                0x00019918                lpc_timer_enable
 .text._ZN12NordicStream5flushEv
                0x0001996c       0x5c ./L2_Drivers/src/nrf_stream.o
                0x0001996c                NordicStream::flush()
 .text._ZN12NordicStreamD2Ev
                0x000199c8       0x14 ./L2_Drivers/src/nrf_stream.o
                0x000199c8                NordicStream::~NordicStream()
                0x000199c8                NordicStream::~NordicStream()
 .text._ZN12NordicStreamD0Ev
                0x000199dc       0x12 ./L2_Drivers/src/nrf_stream.o
                0x000199dc                NordicStream::~NordicStream()
 .text._ZN12NordicStream7getCharEPcj
                0x000199ee       0x44 ./L2_Drivers/src/nrf_stream.o
                0x000199ee                NordicStream::getChar(char*, unsigned int)
 .text._ZN12NordicStream7putCharEcj
                0x00019a32       0x22 ./L2_Drivers/src/nrf_stream.o
                0x00019a32                NordicStream::putChar(char, unsigned int)
 .text._ZN12NordicStreamC2Ev
                0x00019a54       0x40 ./L2_Drivers/src/nrf_stream.o
                0x00019a54                NordicStream::NordicStream()
                0x00019a54                NordicStream::NordicStream()
 .text.rtc_gettime
                0x00019a94       0x50 ./L2_Drivers/src/rtc.o
                0x00019a94                rtc_gettime
 .text.rtc_settime
                0x00019ae4       0x68 ./L2_Drivers/src/rtc.o
                0x00019ae4                rtc_settime
 .text.rtc_init
                0x00019b4c       0xd0 ./L2_Drivers/src/rtc.o
                0x00019b4c                rtc_init
 .text.rtc_get_date_time_str
                0x00019c1c       0x14 ./L2_Drivers/src/rtc.o
                0x00019c1c                rtc_get_date_time_str
 .text.ssp1_dma_init
                0x00019c30       0x1c ./L2_Drivers/src/spi_dma.o
                0x00019c30                ssp1_dma_init
 .text.ssp1_dma_transfer_block
                0x00019c4c       0xc4 ./L2_Drivers/src/spi_dma.o
                0x00019c4c                ssp1_dma_transfer_block
 .text.spi1_lock
                0x00019d10       0x30 ./L2_Drivers/src/spi_sem.o
                0x00019d10                spi1_lock
 .text.spi1_unlock
                0x00019d40       0x24 ./L2_Drivers/src/spi_sem.o
                0x00019d40                spi1_unlock
 .text._ZN5Uart0D2Ev
                0x00019d64       0x14 ./L2_Drivers/src/uart0.o
                0x00019d64                Uart0::~Uart0()
                0x00019d64                Uart0::~Uart0()
 .text._ZN5Uart0D0Ev
                0x00019d78       0x12 ./L2_Drivers/src/uart0.o
                0x00019d78                Uart0::~Uart0()
 *fill*         0x00019d8a        0x2 ff
 .text._ZN5Uart04initEjii
                0x00019d8c       0x40 ./L2_Drivers/src/uart0.o
                0x00019d8c                Uart0::init(unsigned int, int, int)
 .text._ZN5Uart0C2Ev
                0x00019dcc       0x1c ./L2_Drivers/src/uart0.o
                0x00019dcc                Uart0::Uart0()
                0x00019dcc                Uart0::Uart0()
 .text.UART0_IRQHandler
                0x00019de8       0x24 ./L2_Drivers/src/uart0.o
                0x00019de8                UART0_IRQHandler
 .text._ZN5Uart2D2Ev
                0x00019e0c       0x14 ./L2_Drivers/src/uart2.o
                0x00019e0c                Uart2::~Uart2()
                0x00019e0c                Uart2::~Uart2()
 .text._ZN5Uart2D0Ev
                0x00019e20       0x12 ./L2_Drivers/src/uart2.o
                0x00019e20                Uart2::~Uart2()
 *fill*         0x00019e32        0x2 ff
 .text._ZN5Uart24initEjii
                0x00019e34       0x40 ./L2_Drivers/src/uart2.o
                0x00019e34                Uart2::init(unsigned int, int, int)
 .text._ZN5Uart2C2Ev
                0x00019e74       0x1c ./L2_Drivers/src/uart2.o
                0x00019e74                Uart2::Uart2()
                0x00019e74                Uart2::Uart2()
 .text.UART2_IRQHandler
                0x00019e90       0x24 ./L2_Drivers/src/uart2.o
                0x00019e90                UART2_IRQHandler
 .text._ZN5Uart3D2Ev
                0x00019eb4       0x14 ./L2_Drivers/src/uart3.o
                0x00019eb4                Uart3::~Uart3()
                0x00019eb4                Uart3::~Uart3()
 .text._ZN5Uart3D0Ev
                0x00019ec8       0x12 ./L2_Drivers/src/uart3.o
                0x00019ec8                Uart3::~Uart3()
 *fill*         0x00019eda        0x2 ff
 .text._ZN5Uart3C2Ev
                0x00019edc       0x1c ./L2_Drivers/src/uart3.o
                0x00019edc                Uart3::Uart3()
                0x00019edc                Uart3::Uart3()
 .text.UART3_IRQHandler
                0x00019ef8       0x24 ./L2_Drivers/src/uart3.o
                0x00019ef8                UART3_IRQHandler
 .text._ZN7CharDev5flushEv
                0x00019f1c        0x4 ./L2_Drivers/base/char_dev.o
                0x00019f1c                CharDev::flush()
 .text._ZN7CharDev3putEPKcj
                0x00019f20       0x28 ./L2_Drivers/base/char_dev.o
                0x00019f20                CharDev::put(char const*, unsigned int)
 .text._ZN7CharDev7putlineEPKcj
                0x00019f48       0x1c ./L2_Drivers/base/char_dev.o
                0x00019f48                CharDev::putline(char const*, unsigned int)
 .text._ZN7CharDev4getsEPcij
                0x00019f64       0x50 ./L2_Drivers/base/char_dev.o
                0x00019f64                CharDev::gets(char*, int, unsigned int)
 .text._ZN7CharDev6printfEPKcz
                0x00019fb4       0x78 ./L2_Drivers/base/char_dev.o
                0x00019fb4                CharDev::printf(char const*, ...)
 .text._ZN7CharDevC2Ev
                0x0001a02c       0x20 ./L2_Drivers/base/char_dev.o
                0x0001a02c                CharDev::CharDev()
                0x0001a02c                CharDev::CharDev()
 .text._ZN7CharDevD2Ev
                0x0001a04c       0x18 ./L2_Drivers/base/char_dev.o
                0x0001a04c                CharDev::~CharDev()
                0x0001a04c                CharDev::~CharDev()
 .text._ZN8I2C_Base8transferEhhPhm
                0x0001a064       0xdc ./L2_Drivers/base/i2c_base.o
                0x0001a064                I2C_Base::transfer(unsigned char, unsigned char, unsigned char*, unsigned long)
 .text._ZN8I2C_Base13readRegistersEhhPhm
                0x0001a140        0x8 ./L2_Drivers/base/i2c_base.o
                0x0001a140                I2C_Base::readRegisters(unsigned char, unsigned char, unsigned char*, unsigned long)
 .text._ZN8I2C_Base7readRegEhh
                0x0001a148       0x1a ./L2_Drivers/base/i2c_base.o
                0x0001a148                I2C_Base::readReg(unsigned char, unsigned char)
 .text._ZN8I2C_Base14writeRegistersEhhPhm
                0x0001a162        0x8 ./L2_Drivers/base/i2c_base.o
                0x0001a162                I2C_Base::writeRegisters(unsigned char, unsigned char, unsigned char*, unsigned long)
 .text._ZN8I2C_Base8writeRegEhhh
                0x0001a16a       0x16 ./L2_Drivers/base/i2c_base.o
                0x0001a16a                I2C_Base::writeReg(unsigned char, unsigned char, unsigned char)
 .text._ZN8I2C_Base19checkDeviceResponseEh
                0x0001a180       0x16 ./L2_Drivers/base/i2c_base.o
                0x0001a180                I2C_Base::checkDeviceResponse(unsigned char)
 *fill*         0x0001a196        0x2 ff
 .text._ZN8I2C_BaseC2EP15LPC_I2C_TypeDef
                0x0001a198       0x50 ./L2_Drivers/base/i2c_base.o
                0x0001a198                I2C_Base::I2C_Base(LPC_I2C_TypeDef*)
                0x0001a198                I2C_Base::I2C_Base(LPC_I2C_TypeDef*)
 .text._ZN8I2C_Base4initEmm
                0x0001a1e8       0x90 ./L2_Drivers/base/i2c_base.o
                0x0001a1e8                I2C_Base::init(unsigned long, unsigned long)
 .text._ZN8I2C_Base15i2cStateMachineEv
                0x0001a278      0x122 ./L2_Drivers/base/i2c_base.o
                0x0001a278                I2C_Base::i2cStateMachine()
 *fill*         0x0001a39a        0x2 ff
 .text._ZN8I2C_Base15handleInterruptEv
                0x0001a39c       0x34 ./L2_Drivers/base/i2c_base.o
                0x0001a39c                I2C_Base::handleInterrupt()
 .text._ZN7UartDevD2Ev
                0x0001a3d0       0x14 ./L2_Drivers/base/uart_dev.o
                0x0001a3d0                UartDev::~UartDev()
                0x0001a3d0                UartDev::~UartDev()
 .text._ZN7UartDevD0Ev
                0x0001a3e4       0x12 ./L2_Drivers/base/uart_dev.o
                0x0001a3e4                UartDev::~UartDev()
 .text._ZN7UartDev5flushEv
                0x0001a3f6       0x20 ./L2_Drivers/base/uart_dev.o
                0x0001a3f6                UartDev::flush()
 .text._ZN7UartDev7putCharEcj
                0x0001a416       0x5a ./L2_Drivers/base/uart_dev.o
                0x0001a416                UartDev::putChar(char, unsigned int)
 .text._ZN7UartDev7getCharEPcj
                0x0001a470       0x6e ./L2_Drivers/base/uart_dev.o
                0x0001a470                UartDev::getChar(char*, unsigned int)
 *fill*         0x0001a4de        0x2 ff
 .text._ZN7UartDev11setBaudRateEj
                0x0001a4e0       0x3c ./L2_Drivers/base/uart_dev.o
                0x0001a4e0                UartDev::setBaudRate(unsigned int)
 .text._ZN7UartDev15handleInterruptEv
                0x0001a51c       0xc0 ./L2_Drivers/base/uart_dev.o
                0x0001a51c                UartDev::handleInterrupt()
 .text._ZN7UartDevC2EPj
                0x0001a5dc       0x28 ./L2_Drivers/base/uart_dev.o
                0x0001a5dc                UartDev::UartDev(unsigned int*)
                0x0001a5dc                UartDev::UartDev(unsigned int*)
 .text._ZN7UartDev4initEjjii
                0x0001a604       0xb0 ./L2_Drivers/base/uart_dev.o
                0x0001a604                UartDev::init(unsigned int, unsigned int, int, int)
 .text.vListInitialise
                0x0001a6b4       0x16 ./L1_FreeRTOS/src/list.o
                0x0001a6b4                vListInitialise
 .text.vListInitialiseItem
                0x0001a6ca        0x6 ./L1_FreeRTOS/src/list.o
                0x0001a6ca                vListInitialiseItem
 .text.vListInsertEnd
                0x0001a6d0       0x18 ./L1_FreeRTOS/src/list.o
                0x0001a6d0                vListInsertEnd
 .text.vListInsert
                0x0001a6e8       0x30 ./L1_FreeRTOS/src/list.o
                0x0001a6e8                vListInsert
 .text.uxListRemove
                0x0001a718       0x20 ./L1_FreeRTOS/src/list.o
                0x0001a718                uxListRemove
 .text.prvCopyDataToQueue
                0x0001a738       0x70 ./L1_FreeRTOS/src/queue.o
 .text.prvNotifyQueueSetContainer
                0x0001a7a8       0x4a ./L1_FreeRTOS/src/queue.o
 .text.prvCopyDataFromQueue
                0x0001a7f2       0x28 ./L1_FreeRTOS/src/queue.o
 .text.prvUnlockQueue
                0x0001a81a       0x7c ./L1_FreeRTOS/src/queue.o
 *fill*         0x0001a896        0x2 ff
 .text.xQueueGenericReset
                0x0001a898       0x6c ./L1_FreeRTOS/src/queue.o
                0x0001a898                xQueueGenericReset
 .text.xQueueGenericCreate
                0x0001a904       0x32 ./L1_FreeRTOS/src/queue.o
                0x0001a904                xQueueGenericCreate
 .text.xQueueCreateCountingSemaphore
                0x0001a936       0x12 ./L1_FreeRTOS/src/queue.o
                0x0001a936                xQueueCreateCountingSemaphore
 .text.xQueueGenericSend
                0x0001a948      0x108 ./L1_FreeRTOS/src/queue.o
                0x0001a948                xQueueGenericSend
 .text.xQueueCreateMutex
                0x0001aa50       0x24 ./L1_FreeRTOS/src/queue.o
                0x0001aa50                xQueueCreateMutex
 .text.xQueueGenericSendFromISR
                0x0001aa74       0x7c ./L1_FreeRTOS/src/queue.o
                0x0001aa74                xQueueGenericSendFromISR
 .text.xQueueGiveFromISR
                0x0001aaf0       0x62 ./L1_FreeRTOS/src/queue.o
                0x0001aaf0                xQueueGiveFromISR
 *fill*         0x0001ab52        0x2 ff
 .text.xQueueGenericReceive
                0x0001ab54      0x134 ./L1_FreeRTOS/src/queue.o
                0x0001ab54                xQueueGenericReceive
 .text.xQueueReceiveFromISR
                0x0001ac88       0x64 ./L1_FreeRTOS/src/queue.o
                0x0001ac88                xQueueReceiveFromISR
 .text.uxQueueMessagesWaiting
                0x0001acec       0x12 ./L1_FreeRTOS/src/queue.o
                0x0001acec                uxQueueMessagesWaiting
 .text.uxQueueMessagesWaitingFromISR
                0x0001acfe        0x4 ./L1_FreeRTOS/src/queue.o
                0x0001acfe                uxQueueMessagesWaitingFromISR
 .text.xQueueSelectFromSet
                0x0001ad02       0x18 ./L1_FreeRTOS/src/queue.o
                0x0001ad02                xQueueSelectFromSet
 .text.prvResetRunTimeStatsInList
                0x0001ad1a       0x32 ./L1_FreeRTOS/src/tasks.o
 .text.prvIdleTask
                0x0001ad4c       0x28 ./L1_FreeRTOS/src/tasks.o
 .text.prvResetNextTaskUnblockTime
                0x0001ad74       0x24 ./L1_FreeRTOS/src/tasks.o
 .text.prvAddCurrentTaskToDelayedList
                0x0001ad98       0x90 ./L1_FreeRTOS/src/tasks.o
 .text.xTaskCreate
                0x0001ae28      0x1a4 ./L1_FreeRTOS/src/tasks.o
                0x0001ae28                xTaskCreate
 .text.eTaskGetState
                0x0001afcc       0x54 ./L1_FreeRTOS/src/tasks.o
                0x0001afcc                eTaskGetState
 .text.vTaskStartScheduler
                0x0001b020       0x64 ./L1_FreeRTOS/src/tasks.o
                0x0001b020                vTaskStartScheduler
 .text.vTaskEndScheduler
                0x0001b084       0x20 ./L1_FreeRTOS/src/tasks.o
                0x0001b084                vTaskEndScheduler
 .text.vTaskSuspendAll
                0x0001b0a4       0x10 ./L1_FreeRTOS/src/tasks.o
                0x0001b0a4                vTaskSuspendAll
 .text.xTaskGetTickCount
                0x0001b0b4        0xc ./L1_FreeRTOS/src/tasks.o
                0x0001b0b4                xTaskGetTickCount
 .text.xTaskGetTickCountFromISR
                0x0001b0c0        0xc ./L1_FreeRTOS/src/tasks.o
                0x0001b0c0                xTaskGetTickCountFromISR
 .text.uxTaskGetNumberOfTasks
                0x0001b0cc        0xc ./L1_FreeRTOS/src/tasks.o
                0x0001b0cc                uxTaskGetNumberOfTasks
 .text.xTaskIncrementTick
                0x0001b0d8      0x118 ./L1_FreeRTOS/src/tasks.o
                0x0001b0d8                xTaskIncrementTick
 .text.xTaskResumeAll
                0x0001b1f0       0xdc ./L1_FreeRTOS/src/tasks.o
                0x0001b1f0                xTaskResumeAll
 .text.vTaskDelayUntil
                0x0001b2cc       0x58 ./L1_FreeRTOS/src/tasks.o
                0x0001b2cc                vTaskDelayUntil
 .text.vTaskDelay
                0x0001b324       0x30 ./L1_FreeRTOS/src/tasks.o
                0x0001b324                vTaskDelay
 .text.vTaskSwitchContext
                0x0001b354       0xb8 ./L1_FreeRTOS/src/tasks.o
                0x0001b354                vTaskSwitchContext
 .text.vTaskSuspend
                0x0001b40c       0xb4 ./L1_FreeRTOS/src/tasks.o
                0x0001b40c                vTaskSuspend
 .text.vTaskPlaceOnEventList
                0x0001b4c0       0x20 ./L1_FreeRTOS/src/tasks.o
                0x0001b4c0                vTaskPlaceOnEventList
 .text.xTaskRemoveFromEventList
                0x0001b4e0       0x70 ./L1_FreeRTOS/src/tasks.o
                0x0001b4e0                xTaskRemoveFromEventList
 .text.vTaskSetTimeOutState
                0x0001b550       0x18 ./L1_FreeRTOS/src/tasks.o
                0x0001b550                vTaskSetTimeOutState
 .text.xTaskCheckForTimeOut
                0x0001b568       0x4c ./L1_FreeRTOS/src/tasks.o
                0x0001b568                xTaskCheckForTimeOut
 .text.vTaskMissedYield
                0x0001b5b4        0xc ./L1_FreeRTOS/src/tasks.o
                0x0001b5b4                vTaskMissedYield
 .text.vTaskGetInfo
                0x0001b5c0       0x80 ./L1_FreeRTOS/src/tasks.o
                0x0001b5c0                vTaskGetInfo
 .text.prvListTasksWithinSingleList
                0x0001b640       0x5e ./L1_FreeRTOS/src/tasks.o
 *fill*         0x0001b69e        0x2 ff
 .text.uxTaskGetSystemState
                0x0001b6a0       0x9c ./L1_FreeRTOS/src/tasks.o
                0x0001b6a0                uxTaskGetSystemState
 .text.uxTaskGetStackHighWaterMark
                0x0001b73c       0x20 ./L1_FreeRTOS/src/tasks.o
                0x0001b73c                uxTaskGetStackHighWaterMark
 .text.xTaskGetSchedulerState
                0x0001b75c       0x20 ./L1_FreeRTOS/src/tasks.o
                0x0001b75c                xTaskGetSchedulerState
 .text.vTaskPriorityInherit
                0x0001b77c       0x94 ./L1_FreeRTOS/src/tasks.o
                0x0001b77c                vTaskPriorityInherit
 .text.xTaskPriorityDisinherit
                0x0001b810       0x70 ./L1_FreeRTOS/src/tasks.o
                0x0001b810                xTaskPriorityDisinherit
 .text.pvTaskIncrementMutexHeldCount
                0x0001b880       0x18 ./L1_FreeRTOS/src/tasks.o
                0x0001b880                pvTaskIncrementMutexHeldCount
 .text.vTaskResetRunTimeStats
                0x0001b898       0x70 ./L1_FreeRTOS/src/tasks.o
                0x0001b898                vTaskResetRunTimeStats
 .text.vRunTimeStatIsrEntry
                0x0001b908       0x28 ./L1_FreeRTOS/src/tasks.o
                0x0001b908                vRunTimeStatIsrEntry
 .text.vRunTimeStatIsrExit
                0x0001b930       0x10 ./L1_FreeRTOS/src/tasks.o
                0x0001b930                vRunTimeStatIsrExit
 .text.prvTaskExitError
                0x0001b940       0x12 ./L1_FreeRTOS/portable/no_mpu/port.o
 *fill*         0x0001b952        0x2 ff
 .text.prvPortStartFirstTask
                0x0001b954       0x20 ./L1_FreeRTOS/portable/no_mpu/port.o
 .text.pxPortInitialiseStack
                0x0001b974       0x24 ./L1_FreeRTOS/portable/no_mpu/port.o
                0x0001b974                pxPortInitialiseStack
 *fill*         0x0001b998        0x8 ff
 .text.vPortSVCHandler
                0x0001b9a0       0x24 ./L1_FreeRTOS/portable/no_mpu/port.o
                0x0001b9a0                vPortSVCHandler
 .text.vPortEndScheduler
                0x0001b9c4        0x2 ./L1_FreeRTOS/portable/no_mpu/port.o
                0x0001b9c4                vPortEndScheduler
 *fill*         0x0001b9c6        0x2 ff
 .text.vPortEnterCritical
                0x0001b9c8       0x20 ./L1_FreeRTOS/portable/no_mpu/port.o
                0x0001b9c8                vPortEnterCritical
 .text.vPortExitCritical
                0x0001b9e8       0x14 ./L1_FreeRTOS/portable/no_mpu/port.o
                0x0001b9e8                vPortExitCritical
 *fill*         0x0001b9fc        0x4 ff
 .text.xPortPendSVHandler
                0x0001ba00       0x44 ./L1_FreeRTOS/portable/no_mpu/port.o
                0x0001ba00                xPortPendSVHandler
 .text.xPortSysTickHandler
                0x0001ba44       0x2c ./L1_FreeRTOS/portable/no_mpu/port.o
                0x0001ba44                xPortSysTickHandler
 .text.vPortSetupTimerInterrupt
                0x0001ba70       0x14 ./L1_FreeRTOS/portable/no_mpu/port.o
                0x0001ba70                vPortSetupTimerInterrupt
 .text.xPortStartScheduler
                0x0001ba84       0x30 ./L1_FreeRTOS/portable/no_mpu/port.o
                0x0001ba84                xPortStartScheduler
 .text.rts_not_full_trace_init
                0x0001bab4       0x14 ./L1_FreeRTOS/portable/run_time_stats.o
                0x0001bab4                rts_not_full_trace_init
 .text.rts_not_full_trace_get
                0x0001bac8       0x14 ./L1_FreeRTOS/portable/run_time_stats.o
                0x0001bac8                rts_not_full_trace_get
 .text.rts_not_full_trace_reset
                0x0001badc       0x14 ./L1_FreeRTOS/portable/run_time_stats.o
                0x0001badc                rts_not_full_trace_reset
 .text.vApplicationIdleHook
                0x0001baf0        0x4 ./L1_FreeRTOS/hooks/hooks.o
                0x0001baf0                vApplicationIdleHook
 .text.vApplicationStackOverflowHook
                0x0001baf4       0x38 ./L1_FreeRTOS/hooks/hooks.o
                0x0001baf4                vApplicationStackOverflowHook
 .text.vApplicationMallocFailedHook
                0x0001bb2c       0x24 ./L1_FreeRTOS/hooks/hooks.o
                0x0001bb2c                vApplicationMallocFailedHook
 .text.pvPortMalloc
                0x0001bb50       0x1e ./L1_FreeRTOS/MemMang/freertos_mem_man.o
                0x0001bb50                pvPortMalloc
 .text.vPortFree
                0x0001bb6e       0x1a ./L1_FreeRTOS/MemMang/freertos_mem_man.o
                0x0001bb6e                vPortFree
 .text.__set_PSP
                0x0001bb88        0x6 ./L0_LowLevel/source/core_cm3.o
                0x0001bb88                __set_PSP
 .text.__set_MSP
                0x0001bb8e        0x6 ./L0_LowLevel/source/core_cm3.o
                0x0001bb8e                __set_MSP
 .text.__set_BASEPRI
                0x0001bb94        0x6 ./L0_LowLevel/source/core_cm3.o
                0x0001bb94                __set_BASEPRI
 *fill*         0x0001bb9a        0x2 ff
 .text.sys_get_boot_type
                0x0001bb9c        0xc ./L0_LowLevel/source/low_level_init.o
                0x0001bb9c                sys_get_boot_type
 .text.sys_get_boot_time
                0x0001bba8       0x14 ./L0_LowLevel/source/low_level_init.o
                0x0001bba8                sys_get_boot_time
 .text._Z14low_level_initv
                0x0001bbbc      0x238 ./L0_LowLevel/source/low_level_init.o
                0x0001bbbc                low_level_init()
 .text.lpc_pconp
                0x0001bdf4       0x30 ./L0_LowLevel/source/lpc_peripherals.o
                0x0001bdf4                lpc_pconp
 .text.lpc_pclk
                0x0001be24       0x48 ./L0_LowLevel/source/lpc_peripherals.o
                0x0001be24                lpc_pclk
 .text.lpc_sys_setup_system_timer
                0x0001be6c       0x54 ./L0_LowLevel/source/lpc_sys.o
                0x0001be6c                lpc_sys_setup_system_timer
 .text.sys_get_uptime_us
                0x0001bec0       0x2c ./L0_LowLevel/source/lpc_sys.o
                0x0001bec0                sys_get_uptime_us
 .text.sys_get_mem_info_str
                0x0001beec       0x38 ./L0_LowLevel/source/lpc_sys.o
                0x0001beec                sys_get_mem_info_str
 .text.TIMER1_IRQHandler
                0x0001bf24       0xbc ./L0_LowLevel/source/lpc_sys.o
                0x0001bf24                TIMER1_IRQHandler
 .text.isr_forwarder_routine
                0x0001bfe0       0x3c ./L0_LowLevel/source/startup.o
 .text.isr_hard_fault_handler
                0x0001c01c       0x58 ./L0_LowLevel/source/startup.o
                0x0001c01c                isr_hard_fault_handler
 .text._ZL19sys_clock_pll0_feedv
                0x0001c074       0x14 ./L0_LowLevel/source/sys_clock.o
 .text._ZL23sys_clock_configure_plljjPiS_S_.constprop.0
                0x0001c088       0x78 ./L0_LowLevel/source/sys_clock.o
 .text._Z19sys_clock_configurev
                0x0001c100       0xb4 ./L0_LowLevel/source/sys_clock.o
                0x0001c100                sys_clock_configure()
 .text.sys_get_cpu_clock
                0x0001c1b4       0xa4 ./L0_LowLevel/source/sys_clock.o
                0x0001c1b4                sys_get_cpu_clock
 .text.uart0_init
                0x0001c258       0x60 ./L0_LowLevel/source/uart0_min.o
                0x0001c258                uart0_init
 .text.uart0_getchar
                0x0001c2b8       0x18 ./L0_LowLevel/source/uart0_min.o
                0x0001c2b8                uart0_getchar
 .text.uart0_putchar
                0x0001c2d0       0x18 ./L0_LowLevel/source/uart0_min.o
                0x0001c2d0                uart0_putchar
 .text.uart0_puts
                0x0001c2e8       0x1a ./L0_LowLevel/source/uart0_min.o
                0x0001c2e8                uart0_puts
 *fill*         0x0001c302        0x2 ff
 .text._ZN10__cxxabiv120__si_class_type_infoD2Ev
                0x0001c304       0x14 c:/sjsu_dev/toolchain/bin/../lib/gcc/arm-none-eabi/5.4.1/../../../../arm-none-eabi/lib/armv7-m\libstdc++_nano.a(si_class_type_info.o)
                0x0001c304                __cxxabiv1::__si_class_type_info::~__si_class_type_info()
                0x0001c304                __cxxabiv1::__si_class_type_info::~__si_class_type_info()
 .text._ZN10__cxxabiv120__si_class_type_infoD0Ev
                0x0001c318       0x12 c:/sjsu_dev/toolchain/bin/../lib/gcc/arm-none-eabi/5.4.1/../../../../arm-none-eabi/lib/armv7-m\libstdc++_nano.a(si_class_type_info.o)